Component: ARM Compiler 5.06 update 6 (build 750) Tool: armlink [4d35ed]

==============================================================================

Section Cross References

    startup_stm32f10x_hd.o(RESET) refers to startup_stm32f10x_hd.o(STACK) for __initial_sp
    startup_stm32f10x_hd.o(RESET) refers to startup_stm32f10x_hd.o(.text) for Reset_Handler
    startup_stm32f10x_hd.o(RESET) refers to stm32f10x_it.o(.text) for NMI_Handler
    startup_stm32f10x_hd.o(RESET) refers to adc.o(.text) for ADC1_2_IRQHandler
    startup_stm32f10x_hd.o(RESET) refers to timer.o(.text) for TIM6_IRQHandler
    startup_stm32f10x_hd.o(.text) refers to system_stm32f10x.o(.text) for SystemInit
    startup_stm32f10x_hd.o(.text) refers to entry.o(.ARM.Collect$$$$00000000) for __main
    system_stm32f10x.o(.text) refers to system_stm32f10x.o(.data) for SystemCoreClock
    stm32f10x_adc.o(.text) refers to stm32f10x_rcc.o(.text) for RCC_APB2PeriphResetCmd
    stm32f10x_bkp.o(.text) refers to stm32f10x_rcc.o(.text) for RCC_BackupResetCmd
    stm32f10x_can.o(.text) refers to stm32f10x_rcc.o(.text) for RCC_APB1PeriphResetCmd
    stm32f10x_cec.o(.text) refers to stm32f10x_rcc.o(.text) for RCC_APB1PeriphResetCmd
    stm32f10x_dac.o(.text) refers to stm32f10x_rcc.o(.text) for RCC_APB1PeriphResetCmd
    stm32f10x_gpio.o(.text) refers to stm32f10x_rcc.o(.text) for RCC_APB2PeriphResetCmd
    stm32f10x_i2c.o(.text) refers to stm32f10x_rcc.o(.text) for RCC_APB1PeriphResetCmd
    stm32f10x_pwr.o(.text) refers to stm32f10x_rcc.o(.text) for RCC_APB1PeriphResetCmd
    stm32f10x_rcc.o(.text) refers to stm32f10x_rcc.o(.data) for APBAHBPrescTable
    stm32f10x_spi.o(.text) refers to stm32f10x_rcc.o(.text) for RCC_APB2PeriphResetCmd
    stm32f10x_tim.o(.text) refers to stm32f10x_rcc.o(.text) for RCC_APB2PeriphResetCmd
    stm32f10x_usart.o(.text) refers to stm32f10x_rcc.o(.text) for RCC_APB2PeriphResetCmd
    stm32f10x_wwdg.o(.text) refers to stm32f10x_rcc.o(.text) for RCC_APB1PeriphResetCmd
    main.o(.text) refers to sysclock.o(.text) for IWDG_init
    main.o(.text) refers to timer.o(.text) for Timer_init
    main.o(.text) refers to bsp_led.o(.text) for LED_GPIO_Config
    main.o(.text) refers to buzz_souce.o(.text) for Buzz_Init
    main.o(.text) refers to key_scan.o(.text) for Key_Init
    main.o(.text) refers to adc.o(.text) for ADC_init
    main.o(.text) refers to iic.o(.text) for IIC_Init
    main.o(.text) refers to spi.o(.text) for SPI_init
    main.o(.text) refers to delay.o(.text) for DelayInit
    main.o(.text) refers to bmi_160.o(.text) for BIM_160_Init
    main.o(.text) refers to oled.o(.text) for OLED_GPIO_INIT
    stm32f10x_it.o(.text) refers to sysclock.o(.text) for time_count
    bsp_led.o(.text) refers to stm32f10x_rcc.o(.text) for RCC_APB2PeriphClockCmd
    bsp_led.o(.text) refers to stm32f10x_gpio.o(.text) for GPIO_Init
    sysclock.o(.text) refers to misc.o(.text) for NVIC_PriorityGroupConfig
    sysclock.o(.text) refers to stm32f10x_rcc.o(.text) for RCC_APB2PeriphClockCmd
    sysclock.o(.text) refers to stm32f10x_gpio.o(.text) for GPIO_Init
    sysclock.o(.text) refers to stm32f10x_usart.o(.text) for USART_Init
    sysclock.o(.text) refers to stm32f10x_iwdg.o(.text) for IWDG_WriteAccessCmd
    sysclock.o(.text) refers to sysclock.o(.data) for Sysclock_1ms
    sysclock.o(.text) refers to system_stm32f10x.o(.data) for SystemCoreClock
    buzz_souce.o(.text) refers to stm32f10x_rcc.o(.text) for RCC_APB2PeriphClockCmd
    buzz_souce.o(.text) refers to stm32f10x_gpio.o(.text) for GPIO_Init
    buzz_souce.o(.text) refers to buzz_souce.o(.data) for buzz_frequency
    buzz_souce.o(.text) refers to sysclock.o(.data) for b50ms_base_out
    key_scan.o(.text) refers to stm32f10x_rcc.o(.text) for RCC_APB2PeriphClockCmd
    key_scan.o(.text) refers to stm32f10x_gpio.o(.text) for GPIO_Init
    key_scan.o(.text) refers to timer.o(.text) for TPAD_Scan
    key_scan.o(.text) refers to oled.o(.text) for OLED_ShowStr
    key_scan.o(.text) refers to key_scan.o(.data) for Keysacn
    key_scan.o(.text) refers to buzz_souce.o(.data) for flash_finish
    timer.o(.text) refers to misc.o(.text) for NVIC_PriorityGroupConfig
    timer.o(.text) refers to stm32f10x_rcc.o(.text) for RCC_APB1PeriphClockCmd
    timer.o(.text) refers to stm32f10x_tim.o(.text) for TIM_TimeBaseInit
    timer.o(.text) refers to stm32f10x_gpio.o(.text) for GPIO_Init
    timer.o(.text) refers to sysclock.o(.text) for Delay_ms
    timer.o(.text) refers to timer.o(.data) for timer
    adc.o(.text) refers to misc.o(.text) for NVIC_PriorityGroupConfig
    adc.o(.text) refers to stm32f10x_rcc.o(.text) for RCC_APB2PeriphClockCmd
    adc.o(.text) refers to stm32f10x_adc.o(.text) for ADC_Init
    adc.o(.text) refers to stm32f10x_gpio.o(.text) for GPIO_Init
    adc.o(.text) refers to ffltui.o(.text) for __aeabi_ui2f
    adc.o(.text) refers to fdiv.o(.text) for __aeabi_fdiv
    adc.o(.text) refers to f2d.o(.text) for __aeabi_f2d
    adc.o(.text) refers to dmul.o(.text) for __aeabi_dmul
[...]
    printfa.o(i.__0printf) refers to printfa.o(i._printf_core) for _printf_core
    printfa.o(i.__0printf) refers to sysclock.o(.text) for fputc
    printfa.o(i.__0printf) refers to stdout.o(.data) for __stdout
    printfa.o(i.__0snprintf) refers (Special) to iusefp.o(.text) for __I$use$fp
    printfa.o(i.__0snprintf) refers to printfa.o(i._printf_core) for _printf_core
    printfa.o(i.__0snprintf) refers to printfa.o(i._snputc) for _snputc
    printfa.o(i.__0sprintf) refers (Special) to iusefp.o(.text) for __I$use$fp
    printfa.o(i.__0sprintf) refers to printfa.o(i._printf_core) for _printf_core
    printfa.o(i.__0sprintf) refers to printfa.o(i._sputc) for _sputc
    printfa.o(i.__0vfprintf) refers (Special) to iusefp.o(.text) for __I$use$fp
    printfa.o(i.__0vfprintf) refers to printfa.o(i._printf_core) for _printf_core
    printfa.o(i.__0vfprintf) refers to sysclock.o(.text) for fputc
    printfa.o(i.__0vprintf) refers (Special) to iusefp.o(.text) for __I$use$fp
    printfa.o(i.__0vprintf) refers to printfa.o(i._printf_core) for _printf_core
    printfa.o(i.__0vprintf) refers to sysclock.o(.text) for fputc
    printfa.o(i.__0vprintf) refers to stdout.o(.data) for __stdout
    printfa.o(i.__0vsnprintf) refers (Special) to iusefp.o(.text) for __I$use$fp
    printfa.o(i.__0vsnprintf) refers to printfa.o(i._printf_core) for _printf_core
    printfa.o(i.__0vsnprintf) refers to printfa.o(i._snputc) for _snputc
    printfa.o(i.__0vsprintf) refers (Special) to iusefp.o(.text) for __I$use$fp
    printfa.o(i.__0vsprintf) refers to printfa.o(i._printf_core) for _printf_core
    printfa.o(i.__0vsprintf) refers to printfa.o(i._sputc) for _sputc
    printfa.o(i._fp_digits) refers (Special) to iusefp.o(.text) for __I$use$fp
    printfa.o(i._fp_digits) refers to dmul.o(.text) for __aeabi_dmul
    printfa.o(i._fp_digits) refers to ddiv.o(.text) for __aeabi_ddiv
    printfa.o(i._fp_digits) refers to cdrcmple.o(.text) for __aeabi_cdrcmple
    printfa.o(i._fp_digits) refers to dadd.o(.text) for __aeabi_dadd
    printfa.o(i._fp_digits) refers to dfixul.o(.text) for __aeabi_d2ulz
    printfa.o(i._fp_digits) refers to uldiv.o(.text) for __aeabi_uldivmod
    printfa.o(i._printf_core) refers (Special) to iusefp.o(.text) for __I$use$fp
    printfa.o(i._printf_core) refers to printfa.o(i._printf_pre_padding) for _printf_pre_padding
    printfa.o(i._printf_core) refers to uldiv.o(.text) for __aeabi_uldivmod
    printfa.o(i._printf_core) refers to printfa.o(i._printf_post_padding) for _printf_post_padding
    printfa.o(i._printf_core) refers to printfa.o(i._fp_digits) for _fp_digits
    printfa.o(i._printf_core) refers to uidiv.o(.text) for __aeabi_uidivmod
    printfa.o(i._printf_post_padding) refers (Special) to iusefp.o(.text) for __I$use$fp
    printfa.o(i._printf_pre_padding) refers (Special) to iusefp.o(.text) for __I$use$fp
    printfa.o(i._snputc) refers (Special) to iusefp.o(.text) for __I$use$fp
    printfa.o(i._sputc) refers (Special) to iusefp.o(.text) for __I$use$fp
    fdiv.o(.text) refers (Special) to iusefp.o(.text) for __I$use$fp
    fdiv.o(.text) refers to fepilogue.o(.text) for _float_round
    dmul.o(.text) refers (Special) to iusefp.o(.text) for __I$use$fp
    dmul.o(.text) refers to depilogue.o(.text) for _double_epilogue
    fflti.o(.text) refers (Special) to iusefp.o(.text) for __I$use$fp
    fflti.o(.text) refers to fepilogue.o(.text) for _float_epilogue
    ffltui.o(.text) refers (Special) to iusefp.o(.text) for __I$use$fp
    ffltui.o(.text) refers to fepilogue.o(.text) for _float_epilogue
    dfltui.o(.text) refers (Special) to iusefp.o(.text) for __I$use$fp
    dfltui.o(.text) refers to depilogue.o(.text) for _double_epilogue
    f2d.o(.text) refers (Special) to iusefp.o(.text) for __I$use$fp
    d2f.o(.text) refers (Special) to iusefp.o(.text) for __I$use$fp
    d2f.o(.text) refers to fepilogue.o(.text) for _float_round
    entry2.o(.ARM.Collect$$$$00000001) refers to entry2.o(.ARM.Collect$$$$00002712) for __lit__00000000
    entry2.o(.ARM.Collect$$$$00002712) refers to startup_stm32f10x_hd.o(STACK) for __initial_sp
    entry2.o(__vectab_stack_and_reset_area) refers to startup_stm32f10x_hd.o(STACK) for __initial_sp
    entry2.o(__vectab_stack_and_reset_area) refers to entry.o(.ARM.Collect$$$$00000000) for __main
    entry5.o(.ARM.Collect$$$$00000004) refers to init.o(.text) for __scatterload
    entry9a.o(.ARM.Collect$$$$0000000B) refers to main.o(.text) for main
    entry9b.o(.ARM.Collect$$$$0000000C) refers to main.o(.text) for main
    uldiv.o(.text) refers to llushr.o(.text) for __aeabi_llsr
    uldiv.o(.text) refers to llshl.o(.text) for __aeabi_llsl
    depilogue.o(.text) refers to llshl.o(.text) for __aeabi_llsl
    depilogue.o(.text) refers to llushr.o(.text) for __aeabi_llsr
    dadd.o(.text) refers to llshl.o(.text) for __aeabi_llsl
    dadd.o(.text) refers to llsshr.o(.text) for __aeabi_lasr
    dadd.o(.text) refers to depilogue.o(.text) for _double_epilogue
    ddiv.o(.text) refers to depilogue.o(.text) for _double_round
    dfixul.o(.text) refers to llushr.o(.text) for __aeabi_llsr
    dfixul.o(.text) refers to llshl.o(.text) for __aeabi_llsl
    init.o(.text) refers to entry5.o(.ARM.Collect$$$$00000004) for __main_after_scatterload


==============================================================================

Removing Unused input sections from the image.

    Removing startup_stm32f10x_hd.o(HEAP), (512 bytes).
    Removing core_cm3.o(.emb_text), (32 bytes).
    Removing stm32f10x_bkp.o(.text), (196 bytes).
    Removing stm32f10x_can.o(.text), (2544 bytes).
    Removing stm32f10x_cec.o(.text), (288 bytes).
    Removing stm32f10x_crc.o(.text), (72 bytes).
    Removing stm32f10x_dac.o(.text), (396 bytes).
    Removing stm32f10x_dbgmcu.o(.text), (48 bytes).
    Removing stm32f10x_dma.o(.text), (596 bytes).
    Removing stm32f10x_exti.o(.text), (284 bytes).
    Removing stm32f10x_flash.o(.text), (1468 bytes).
    Removing stm32f10x_fsmc.o(.text), (1548 bytes).
    Removing stm32f10x_pwr.o(.text), (204 bytes).
    Removing stm32f10x_rtc.o(.text), (328 bytes).
    Removing stm32f10x_sdio.o(.text), (468 bytes).
    Removing stm32f10x_wwdg.o(.text), (136 bytes).

16 unused section(s) (total 9120 bytes) removed from the image.

==============================================================================

Image Symbol Table

    Local Symbols

    Symbol Name                              Value     Ov Type        Size  Object(Section)

    ../clib/../cmprslib/zerorunl2.c          0x00000000   Number         0  __dczerorl2.o ABSOLUTE
    ../clib/microlib/division.c              0x00000000   Number         0  uldiv.o ABSOLUTE
    ../clib/microlib/division.c              0x00000000   Number         0  uidiv.o ABSOLUTE
    ../clib/microlib/init/entry.s            0x00000000   Number         0  entry.o ABSOLUTE
    ../clib/microlib/init/entry.s            0x00000000   Number         0  entry9b.o ABSOLUTE
    ../clib/microlib/init/entry.s            0x00000000   Number         0  entry9a.o ABSOLUTE
    ../clib/microlib/init/entry.s            0x00000000   Number         0  entry7b.o ABSOLUTE
    ../clib/microlib/init/entry.s            0x00000000   Number         0  entry7a.o ABSOLUTE
    ../clib/microlib/init/entry.s            0x00000000   Number         0  entry5.o ABSOLUTE
    ../clib/microlib/init/entry.s            0x00000000   Number         0  entry2.o ABSOLUTE
    ../clib/microlib/init/entry.s            0x00000000   Number         0  entry8a.o ABSOLUTE
    ../clib/microlib/init/entry.s            0x00000000   Number         0  entry8b.o ABSOLUTE
    ../clib/microlib/init/entry.s            0x00000000   Number         0  entry11b.o ABSOLUTE
    ../clib/microlib/init/entry.s            0x00000000   Number         0  entry11a.o ABSOLUTE
    ../clib/microlib/init/entry.s            0x00000000   Number         0  entry10b.o ABSOLUTE
    ../clib/microlib/init/entry.s            0x00000000   Number         0  entry10a.o ABSOLUTE
    ../clib/microlib/longlong.c              0x00000000   Number         0  llushr.o ABSOLUTE
    ../clib/microlib/longlong.c              0x00000000   Number         0  llshl.o ABSOLUTE
    ../clib/microlib/longlong.c              0x00000000   Number         0  llsshr.o ABSOLUTE
    ../clib/microlib/printf/printf.c         0x00000000   Number         0  printf1.o ABSOLUTE
    ../clib/microlib/printf/printf.c         0x00000000   Number         0  printf2.o ABSOLUTE
    ../clib/microlib/printf/printf.c         0x00000000   Number         0  printf3.o ABSOLUTE
    ../clib/microlib/printf/printf.c         0x00000000   Number         0  printf5.o ABSOLUTE
    ../clib/microlib/printf/printf.c         0x00000000   Number         0  printf6.o ABSOLUTE
    ../clib/microlib/printf/printf.c         0x00000000   Number         0  printf7.o ABSOLUTE
    ../clib/microlib/printf/printf.c         0x00000000   Number         0  printf8.o ABSOLUTE
    ../clib/microlib/printf/printf.c         0x00000000   Number         0  printfa.o ABSOLUTE
    ../clib/microlib/printf/printf.c         0x00000000   Number         0  printf4.o ABSOLUTE
    ../clib/microlib/printf/printf.c         0x00000000   Number         0  printf0.o ABSOLUTE
    ../clib/microlib/printf/printf.c         0x00000000   Number         0  printfb.o ABSOLUTE
    ../clib/microlib/printf/stubs.s          0x00000000   Number         0  stubs.o ABSOLUTE
    ../clib/microlib/stdio/streams.c         0x00000000   Number         0  stdout.o ABSOLUTE
    ../clib/microlib/stubs.s                 0x00000000   Number         0  iusefp.o ABSOLUTE
    ../fplib/microlib/d2f.c                  0x00000000   Number         0  d2f.o ABSOLUTE
    ../fplib/microlib/f2d.c                  0x00000000   Number         0  f2d.o ABSOLUTE
    ../fplib/microlib/fpadd.c                0x00000000   Number         0  dadd.o ABSOLUTE
    ../fplib/microlib/fpdiv.c                0x00000000   Number         0  ddiv.o ABSOLUTE
    ../fplib/microlib/fpdiv.c                0x00000000   Number         0  fdiv.o ABSOLUTE
    ../fplib/microlib/fpepilogue.c           0x00000000   Number         0  depilogue.o ABSOLUTE
    ../fplib/microlib/fpepilogue.c           0x00000000   Number         0  fepilogue.o ABSOLUTE
    ../fplib/microlib/fpfix.c                0x00000000   Number         0  dfixul.o ABSOLUTE
    ../fplib/microlib/fpflt.c                0x00000000   Number         0  dfltui.o ABSOLUTE
    ../fplib/microlib/fpflt.c                0x00000000   Number         0  ffltui.o ABSOLUTE
    ../fplib/microlib/fpflt.c                0x00000000   Number         0  fflti.o ABSOLUTE
    ../fplib/microlib/fpmul.c                0x00000000   Number         0  dmul.o ABSOLUTE
    ..\..\Libraries\CMSIS\core_cm3.c         0x00000000   Number         0  core_cm3.o ABSOLUTE
    ..\..\Libraries\CMSIS\startup\startup_stm32f10x_hd.s 0x00000000   Number         0  startup_stm32f10x_hd.o ABSOLUTE
    ..\..\Libraries\CMSIS\system_stm32f10x.c 0x00000000   Number         0  system_stm32f10x.o ABSOLUTE
    ..\..\Libraries\FWlib\src\misc.c         0x00000000   Number         0  misc.o ABSOLUTE
    ..\..\Libraries\FWlib\src\stm32f10x_adc.c 0x00000000   Number         0  stm32f10x_adc.o ABSOLUTE
    ..\..\Libraries\FWlib\src\stm32f10x_bkp.c 0x00000000   Number         0  stm32f10x_bkp.o ABSOLUTE
    ..\..\Libraries\FWlib\src\stm32f10x_can.c 0x00000000   Number         0  stm32f10x_can.o ABSOLUTE
    ..\..\Libraries\FWlib\src\stm32f10x_cec.c 0x00000000   Number         0  stm32f10x_cec.o ABSOLUTE
    ..\..\Libraries\FWlib\src\stm32f10x_crc.c 0x00000000   Number         0  stm32f10x_crc.o ABSOLUTE
    ..\..\Libraries\FWlib\src\stm32f10x_dac.c 0x00000000   Number         0  stm32f10x_dac.o ABSOLUTE
    ..\..\Libraries\FWlib\src\stm32f10x_dbgmcu.c 0x00000000   Number         0  stm32f10x_dbgmcu.o ABSOLUTE
    ..\..\Libraries\FWlib\src\stm32f10x_dma.c 0x00000000   Number         0  stm32f10x_dma.o ABSOLUTE
    ..\..\Libraries\FWlib\src\stm32f10x_exti.c 0x00000000   Number         0  stm32f10x_exti.o ABSOLUTE
    ..\..\Libraries\FWlib\src\stm32f10x_flash.c 0x00000000   Number         0  stm32f10x_flash.o ABSOLUTE
    ..\..\Libraries\FWlib\src\stm32f10x_fsmc.c 0x00000000   Number         0  stm32f10x_fsmc.o ABSOLUTE
    ..\..\Libraries\FWlib\src\stm32f10x_gpio.c 0x00000000   Number         0  stm32f10x_gpio.o ABSOLUTE
    ..\..\Libraries\FWlib\src\stm32f10x_i2c.c 0x00000000   Number         0  stm32f10x_i2c.o ABSOLUTE
    ..\..\Libraries\FWlib\src\stm32f10x_iwdg.c 0x00000000   Number         0  stm32f10x_iwdg.o ABSOLUTE
    ..\..\Libraries\FWlib\src\stm32f10x_pwr.c 0x00000000   Number         0  stm32f10x_pwr.o ABSOLUTE
    ..\..\Libraries\FWlib\src\stm32f10x_rcc.c 0x00000000   Number         0  stm32f10x_rcc.o ABSOLUTE
    ..\..\Libraries\FWlib\src\stm32f10x_rtc.c 0x00000000   Number         0  stm32f10x_rtc.o ABSOLUTE
    ..\..\Libraries\FWlib\src\stm32f10x_sdio.c 0x00000000   Number         0  stm32f10x_sdio.o ABSOLUTE
    ..\..\Libraries\FWlib\src\stm32f10x_spi.c 0x00000000   Number         0  stm32f10x_spi.o ABSOLUTE
    ..\..\Libraries\FWlib\src\stm32f10x_tim.c 0x00000000   Number         0  stm32f10x_tim.o ABSOLUTE
    ..\..\Libraries\FWlib\src\stm32f10x_usart.c 0x00000000   Number         0  stm32f10x_usart.o ABSOLUTE
    ..\..\Libraries\FWlib\src\stm32f10x_wwdg.c 0x00000000   Number         0  stm32f10x_wwdg.o ABSOLUTE
    ..\..\User\Adc.c                         0x00000000   Number         0  adc.o ABSOLUTE
    ..\..\User\BMI_160.c                     0x00000000   Number         0  bmi_160.o ABSOLUTE
    ..\..\User\Buzz_Souce.c                  0x00000000   Number         0  buzz_souce.o ABSOLUTE
    ..\..\User\Delay.c                       0x00000000   Number         0  delay.o ABSOLUTE
    ..\..\User\IIC.c                         0x00000000   Number         0  iic.o ABSOLUTE
    ..\..\User\Key_Scan.c                    0x00000000   Number         0  key_scan.o ABSOLUTE
    ..\..\User\Led\bsp_led.c                 0x00000000   Number         0  bsp_led.o ABSOLUTE
    ..\..\User\OLED.c                        0x00000000   Number         0  oled.o ABSOLUTE
    ..\..\User\SPI.c                         0x00000000   Number         0  spi.o ABSOLUTE
    ..\..\User\Sysclock.c                    0x00000000   Number         0  sysclock.o ABSOLUTE
    ..\..\User\Timer.c                       0x00000000   Number         0  timer.o ABSOLUTE
    ..\..\User\main.c                        0x00000000   Number         0  main.o ABSOLUTE
    ..\..\User\stm32f10x_it.c                0x00000000   Number         0  stm32f10x_it.o ABSOLUTE
    ..\\..\\Libraries\\CMSIS\\core_cm3.c     0x00000000   Number         0  core_cm3.o ABSOLUTE
    cdrcmple.s                               0x00000000   Number         0  cdrcmple.o ABSOLUTE
    dc.s                                     0x00000000   Number         0  dc.o ABSOLUTE
    handlers.s                               0x00000000   Number         0  handlers.o ABSOLUTE
    init.s                                   0x00000000   Number         0  init.o ABSOLUTE
    RESET                                    0x08000000   Section      304  startup_stm32f10x_hd.o(RESET)
    .ARM.Collect$$$$00000000                 0x08000130   Section        0  entry.o(.ARM.Collect$$$$00000000)
    .ARM.Collect$$$$00000001                 0x08000130   Section        4  entry2.o(.ARM.Collect$$$$00000001)
    .ARM.Collect$$$$00000004                 0x08000134   Section        4  entry5.o(.ARM.Collect$$$$00000004)
    .ARM.Collect$$$$00000008                 0x08000138   Section        0  entry7b.o(.ARM.Collect$$$$00000008)
    .ARM.Collect$$$$0000000A                 0x08000138   Section        0  entry8b.o(.ARM.Collect$$$$0000000A)
    .ARM.Collect$$$$0000000B                 0x08000138   Section        8  entry9a.o(.ARM.Collect$$$$0000000B)
    .ARM.Collect$$$$0000000D                 0x08000140   Section        0  entry10a.o(.ARM.Collect$$$$0000000D)
    .ARM.Collect$$$$0000000F                 0x08000140   Section        0  entry11a.o(.ARM.Collect$$$$0000000F)
    .ARM.Collect$$$$00002712                 0x08000140   Section        4  entry2.o(.ARM.Collect$$$$00002712)
    __lit__00000000                          0x08000140   Data           4  entry2.o(.ARM.Collect$$$$00002712)
    .text                                    0x08000144   Section       36  startup_stm32f10x_hd.o(.text)
    .text                                    0x08000168   Section        0  system_stm32f10x.o(.text)
    SetSysClockTo72                          0x08000169   Thumb Code   214  system_stm32f10x.o(.text)
    SetSysClock                              0x0800023f   Thumb Code     8  system_stm32f10x.o(.text)
    .text                                    0x08000348   Section        0  misc.o(.text)
    .text                                    0x08000424   Section        0  stm32f10x_adc.o(.text)
    .text                                    0x08000874   Section        0  stm32f10x_gpio.o(.text)
    .text                                    0x08000bd0   Section        0  stm32f10x_i2c.o(.text)
    .text                                    0x08000fd4   Section        0  stm32f10x_iwdg.o(.text)
    .text                                    0x08001014   Section        0  stm32f10x_rcc.o(.text)
    .text                                    0x080013b8   Section        0  stm32f10x_spi.o(.text)
    .text                                    0x080016c4   Section        0  stm32f10x_tim.o(.text)
    TI4_Config                               0x08001b6b   Thumb Code   130  stm32f10x_tim.o(.text)
    TI3_Config                               0x08001bff   Thumb Code   122  stm32f10x_tim.o(.text)
    TI2_Config                               0x08001c93   Thumb Code   130  stm32f10x_tim.o(.text)
    TI1_Config                               0x08001d27   Thumb Code   108  stm32f10x_tim.o(.text)
    .text                                    0x080024e0   Section        0  stm32f10x_usart.o(.text)
    .text                                    0x080028e8   Section        0  main.o(.text)
    .text                                    0x08002946   Section        0  stm32f10x_it.o(.text)
    .text                                    0x08002968   Section        0  bsp_led.o(.text)
    .text                                    0x080029c8   Section        0  sysclock.o(.text)
    Interrupt_init                           0x080029f5   Thumb Code    38  sysclock.o(.text)
    .text                                    0x08002ce4   Section        0  buzz_souce.o(.text)
    .text                                    0x08002e34   Section        0  key_scan.o(.text)
    .text                                    0x08003074   Section        0  timer.o(.text)
    .text                                    0x080032cc   Section        0  adc.o(.text)
    .text                                    0x080034b0   Section        0  delay.o(.text)
    .text                                    0x0800359c   Section        0  iic.o(.text)
    IIC_Delay                                0x0800359d   Thumb Code    14  iic.o(.text)
    .text                                    0x08003788   Section        0  spi.o(.text)
    SPI_TIMEOUT_UserCallback                 0x08003839   Thumb Code    16  spi.o(.text)
    .text                                    0x080038f8   Section        0  bmi_160.o(.text)
    I2C_TIMEOUT_UserCallback                 0x08003967   Thumb Code    12  bmi_160.o(.text)
    .text                                    0x080040c8   Section        0  oled.o(.text)
    .text                                    0x080044ec   Section        0  fdiv.o(.text)
    .text                                    0x08004568   Section        0  dmul.o(.text)
    .text                                    0x0800464c   Section        0  fflti.o(.text)
    .text                                    0x0800465e   Section        0  ffltui.o(.text)
    .text                                    0x08004668   Section        0  dfltui.o(.text)
    .text                                    0x08004682   Section        0  f2d.o(.text)
    .text                                    0x080046a8   Section        0  d2f.o(.text)
    .text                                    0x080046e0   Section        0  uidiv.o(.text)
    .text                                    0x0800470c   Section        0  uldiv.o(.text)
    .text                                    0x0800476e   Section        0  iusefp.o(.text)
    .text                                    0x0800476e   Section        0  fepilogue.o(.text)
    .text                                    0x080047dc   Section        0  depilogue.o(.text)
    .text                                    0x08004896   Section        0  dadd.o(.text)
    .text                                    0x080049e4   Section        0  ddiv.o(.text)
    .text                                    0x08004ac2   Section        0  dfixul.o(.text)
    .text                                    0x08004af4   Section       48  cdrcmple.o(.text)
    .text                                    0x08004b24   Section       36  init.o(.text)
    .text                                    0x08004b48   Section        0  llshl.o(.text)
    .text                                    0x08004b66   Section        0  llushr.o(.text)
    .text                                    0x08004b86   Section        0  llsshr.o(.text)
    .text                                    0x08004baa   Section        0  __dczerorl2.o(.text)
    i.__0printf                              0x08004c00   Section        0  printfa.o(i.__0printf)
    i.__scatterload_copy                     0x08004c20   Section       14  handlers.o(i.__scatterload_copy)
    i.__scatterload_null                     0x08004c2e   Section        2  handlers.o(i.__scatterload_null)
    i.__scatterload_zeroinit                 0x08004c30   Section       14  handlers.o(i.__scatterload_zeroinit)
    i._fp_digits                             0x08004c40   Section        0  printfa.o(i._fp_digits)
    _fp_digits                               0x08004c41   Thumb Code   366  printfa.o(i._fp_digits)
    i._printf_core                           0x08004dc4   Section        0  printfa.o(i._printf_core)
    _printf_core                             0x08004dc5   Thumb Code  1744  printfa.o(i._printf_core)
    i._printf_post_padding                   0x080054a0   Section        0  printfa.o(i._printf_post_padding)
    _printf_post_padding                     0x080054a1   Thumb Code    36  printfa.o(i._printf_post_padding)
    i._printf_pre_padding                    0x080054c4   Section        0  printfa.o(i._printf_pre_padding)
    _printf_pre_padding                      0x080054c5   Thumb Code    46  printfa.o(i._printf_pre_padding)
    .constdata                               0x080054f2   Section     2072  oled.o(.constdata)
    .data                                    0x20000000   Section       20  system_stm32f10x.o(.data)
    .data                                    0x20000014   Section       20  stm32f10x_rcc.o(.data)
    APBAHBPrescTable                         0x20000014   Data          16  stm32f10x_rcc.o(.data)
    ADCPrescTable                            0x20000024   Data           4  stm32f10x_rcc.o(.data)
    .data                                    0x20000028   Section       20  sysclock.o(.data)
    .data                                    0x2000003c   Section        3  buzz_souce.o(.data)
    .data                                    0x2000003f   Section        3  key_scan.o(.data)
    .data                                    0x20000042   Section        5  timer.o(.data)
    keyen                                    0x20000046   Data           1  timer.o(.data)
    .data                                    0x20000048   Section        4  delay.o(.data)
    fac_us                                   0x20000048   Data           1  delay.o(.data)
    fac_ms                                   0x2000004a   Data           2  delay.o(.data)
    .data                                    0x2000004c   Section        4  spi.o(.data)
    SPITimeout                               0x2000004c   Data           4  spi.o(.data)
    .data                                    0x20000050   Section       12  bmi_160.o(.data)
    I2CTimeout                               0x20000058   Data           4  bmi_160.o(.data)
    .data                                    0x2000005c   Section     1152  oled.o(.data)
    .data                                    0x200004dc   Section        4  stdout.o(.data)
    .bss                                     0x200004e0   Section       32  adc.o(.bss)
    .bss                                     0x20000500   Section       24  bmi_160.o(.bss)
    STACK                                    0x20000518   Section     1024  startup_stm32f10x_hd.o(STACK)

    Global Symbols

    Symbol Name                              Value     Ov Type        Size  Object(Section)

    BuildAttributes$$THM_ISAv4$P$D$K$B$S$PE$A:L22UL41UL21$X:L11$S22US41US21$IEEE1$IW$USESV6$~STKCKD$USESV7$~SHL$OTIME$ROPI$EBA8$MICROLIB$REQ8$PRES8$EABIv2 0x00000000   Number         0  anon$$obj.o ABSOLUTE
    __ARM_use_no_argv                        0x00000000   Number         0  main.o ABSOLUTE
    _printf_a                                0x00000000   Number         0  stubs.o ABSOLUTE
    _printf_c                                0x00000000   Number         0  stubs.o ABSOLUTE
    _printf_charcount                        0x00000000   Number         0  stubs.o ABSOLUTE
    _printf_d                                0x00000000   Number         0  stubs.o ABSOLUTE
    _printf_e                                0x00000000   Number         0  stubs.o ABSOLUTE
    _printf_f                                0x00000000   Number         0  stubs.o ABSOLUTE
    _printf_flags                            0x00000000   Number         0  stubs.o ABSOLUTE
    _printf_fp_dec                           0x00000000   Number         0  stubs.o ABSOLUTE
    _printf_fp_hex                           0x00000000   Number         0  stubs.o ABSOLUTE
    _printf_g                                0x00000000   Number         0  stubs.o ABSOLUTE
    _printf_i                                0x00000000   Number         0  stubs.o ABSOLUTE
    _printf_int_dec                          0x00000000   Number         0  stubs.o ABSOLUTE
    _printf_l                                0x00000000   Number         0  stubs.o ABSOLUTE
    _printf_lc                               0x00000000   Number         0  stubs.o ABSOLUTE
    _printf_ll                               0x00000000   Number         0  stubs.o ABSOLUTE
    _printf_lld                              0x00000000   Number         0  stubs.o ABSOLUTE
    _printf_lli                              0x00000000   Number         0  stubs.o ABSOLUTE
    _printf_llo                              0x00000000   Number         0  stubs.o ABSOLUTE
    _printf_llu                              0x00000000   Number         0  stubs.o ABSOLUTE
    _printf_llx                              0x00000000   Number         0  stubs.o ABSOLUTE
    _printf_longlong_dec                     0x00000000   Number         0  stubs.o ABSOLUTE
    _printf_longlong_hex                     0x00000000   Number         0  stubs.o ABSOLUTE
    _printf_longlong_oct                     0x00000000   Number         0  stubs.o ABSOLUTE
    _printf_ls                               0x00000000   Number         0  stubs.o ABSOLUTE
    _printf_mbtowc                           0x00000000   Number         0  stubs.o ABSOLUTE
    _printf_n                                0x00000000   Number         0  stubs.o ABSOLUTE
    _printf_o                                0x00000000   Number         0  stubs.o ABSOLUTE
    _printf_p                                0x00000000   Number         0  stubs.o ABSOLUTE
    _printf_percent                          0x00000000   Number         0  stubs.o ABSOLUTE
    _printf_pre_padding                      0x00000000   Number         0  stubs.o ABSOLUTE
    _printf_return_value                     0x00000000   Number         0  stubs.o ABSOLUTE
    _printf_s                                0x00000000   Number         0  stubs.o ABSOLUTE
    _printf_sizespec                         0x00000000   Number         0  stubs.o ABSOLUTE
    _printf_str                              0x00000000   Number         0  stubs.o ABSOLUTE
    _printf_truncate_signed                  0x00000000   Number         0  stubs.o ABSOLUTE
    _printf_truncate_unsigned                0x00000000   Number         0  stubs.o ABSOLUTE
    _printf_u                                0x00000000   Number         0  stubs.o ABSOLUTE
    _printf_wc                               0x00000000   Number         0  stubs.o ABSOLUTE
    _printf_wctomb                           0x00000000   Number         0  stubs.o ABSOLUTE
    _printf_widthprec                        0x00000000   Number         0  stubs.o ABSOLUTE
    _printf_x                                0x00000000   Number         0  stubs.o ABSOLUTE
    __cpp_initialize__aeabi_                  - Undefined Weak Reference
    __cxa_finalize                            - Undefined Weak Reference
    _clock_init                               - Undefined Weak Reference
    _microlib_exit                            - Undefined Weak Reference
    __Vectors_Size                           0x00000130   Number         0  startup_stm32f10x_hd.o ABSOLUTE
    __Vectors                                0x08000000   Data           4  startup_stm32f10x_hd.o(RESET)
    __Vectors_End                            0x08000130   Data           0  startup_stm32f10x_hd.o(RESET)
    __main                                   0x08000131   Thumb Code     0  entry.o(.ARM.Collect$$$$00000000)
    _main_stk                                0x08000131   Thumb Code     0  entry2.o(.ARM.Collect$$$$00000001)
    _main_scatterload                        0x08000135   Thumb Code     0  entry5.o(.ARM.Collect$$$$00000004)
    __main_after_scatterload                 0x08000139   Thumb Code     0  entry5.o(.ARM.Collect$$$$00000004)
    _main_clock                              0x08000139   Thumb Code     0  entry7b.o(.ARM.Collect$$$$00000008)
    _main_cpp_init                           0x08000139   Thumb Code     0  entry8b.o(.ARM.Collect$$$$0000000A)
    _main_init                               0x08000139   Thumb Code     0  entry9a.o(.ARM.Collect$$$$0000000B)
    __rt_final_cpp                           0x08000141   Thumb Code     0  entry10a.o(.ARM.Collect$$$$0000000D)
    __rt_final_exit                          0x08000141   Thumb Code     0  entry11a.o(.ARM.Collect$$$$0000000F)
    Reset_Handler                            0x08000145   Thumb Code     8  startup_stm32f10x_hd.o(.text)
    ADC3_IRQHandler                          0x0800015f   Thumb Code     0  startup_stm32f10x_hd.o(.text)
    CAN1_RX1_IRQHandler                      0x0800015f   Thumb Code     0  startup_stm32f10x_hd.o(.text)
    CAN1_SCE_IRQHandler                      0x0800015f   Thumb Code     0  startup_stm32f10x_hd.o(.text)
    DMA1_Channel1_IRQHandler                 0x0800015f   Thumb Code     0  startup_stm32f10x_hd.o(.text)
    DMA1_Channel2_IRQHandler                 0x0800015f   Thumb Code     0  startup_stm32f10x_hd.o(.text)
    DMA1_Channel3_IRQHandler                 0x0800015f   Thumb Code     0  startup_stm32f10x_hd.o(.text)
    DMA1_Channel4_IRQHandler                 0x0800015f   Thumb Code     0  startup_stm32f10x_hd.o(.text)
    DMA1_Channel5_IRQHandler                 0x0800015f   Thumb Code     0  startup_stm32f10x_hd.o(.text)
    DMA1_Channel6_IRQHandler                 0x0800015f   Thumb Code     0  startup_stm32f10x_hd.o(.text)
    DMA1_Channel7_IRQHandler                 0x0800015f   Thumb Code     0  startup_stm32f10x_hd.o(.text)
    DMA2_Channel1_IRQHandler                 0x0800015f   Thumb Code     0  startup_stm32f10x_hd.o(.text)
    DMA2_Channel2_IRQHandler                 0x0800015f   Thumb Code     0  startup_stm32f10x_hd.o(.text)
    DMA2_Channel3_IRQHandler                 0x0800015f   Thumb Code     0  startup_stm32f10x_hd.o(.text)
    DMA2_Channel4_5_IRQHandler               0x0800015f   Thumb Code     0  startup_stm32f10x_hd.o(.text)
    EXTI0_IRQHandler                         0x0800015f   Thumb Code     0  startup_stm32f10x_hd.o(.text)
    EXTI15_10_IRQHandler                     0x0800015f   Thumb Code     0  startup_stm32f10x_hd.o(.text)
    EXTI1_IRQHandler                         0x0800015f   Thumb Code     0  startup_stm32f10x_hd.o(.text)
    EXTI2_IRQHandler                         0x0800015f   Thumb Code     0  startup_stm32f10x_hd.o(.text)
    EXTI3_IRQHandler                         0x0800015f   Thumb Code     0  startup_stm32f10x_hd.o(.text)
    EXTI4_IRQHandler                         0x0800015f   Thumb Code     0  startup_stm32f10x_hd.o(.text)
    EXTI9_5_IRQHandler                       0x0800015f   Thumb Code     0  startup_stm32f10x_hd.o(.text)
    FLASH_IRQHandler                         0x0800015f   Thumb Code     0  startup_stm32f10x_hd.o(.text)
    FSMC_IRQHandler                          0x0800015f   Thumb Code     0  startup_stm32f10x_hd.o(.text)
    I2C1_ER_IRQHandler                       0x0800015f   Thumb Code     0  startup_stm32f10x_hd.o(.text)
    I2C1_EV_IRQHandler                       0x0800015f   Thumb Code     0  startup_stm32f10x_hd.o(.text)
    I2C2_ER_IRQHandler                       0x0800015f   Thumb Code     0  startup_stm32f10x_hd.o(.text)
    I2C2_EV_IRQHandler                       0x0800015f   Thumb Code     0  startup_stm32f10x_hd.o(.text)
    PVD_IRQHandler                           0x0800015f   Thumb Code     0  startup_stm32f10x_hd.o(.text)
    RCC_IRQHandler                           0x0800015f   Thumb Code     0  startup_stm32f10x_hd.o(.text)
    RTCAlarm_IRQHandler                      0x0800015f   Thumb Code     0  startup_stm32f10x_hd.o(.text)
    RTC_IRQHandler                           0x0800015f   Thumb Code     0  startup_stm32f10x_hd.o(.text)
    SDIO_IRQHandler                          0x0800015f   Thumb Code     0  startup_stm32f10x_hd.o(.text)
    SPI1_IRQHandler                          0x0800015f   Thumb Code     0  startup_stm32f10x_hd.o(.text)
    SPI2_IRQHandler                          0x0800015f   Thumb Code     0  startup_stm32f10x_hd.o(.text)
    SPI3_IRQHandler                          0x0800015f   Thumb Code     0  startup_stm32f10x_hd.o(.text)
    TAMPER_IRQHandler                        0x0800015f   Thumb Code     0  startup_stm32f10x_hd.o(.text)
    TIM1_BRK_IRQHandler                      0x0800015f   Thumb Code     0  startup_stm32f10x_hd.o(.text)
    TIM1_CC_IRQHandler                       0x0800015f   Thumb Code     0  startup_stm32f10x_hd.o(.text)
    TIM1_TRG_COM_IRQHandler                  0x0800015f   Thumb Code     0  startup_stm32f10x_hd.o(.text)
    TIM1_UP_IRQHandler                       0x0800015f   Thumb Code     0  startup_stm32f10x_hd.o(.text)
    TIM2_IRQHandler                          0x0800015f   Thumb Code     0  startup_stm32f10x_hd.o(.text)
    TIM3_IRQHandler                          0x0800015f   Thumb Code     0  startup_stm32f10x_hd.o(.text)
    TIM4_IRQHandler                          0x0800015f   Thumb Code     0  startup_stm32f10x_hd.o(.text)
    TIM5_IRQHandler                          0x0800015f   Thumb Code     0  startup_stm32f10x_hd.o(.text)
    TIM7_IRQHandler                          0x0800015f   Thumb Code     0  startup_stm32f10x_hd.o(.text)
    TIM8_BRK_IRQHandler                      0x0800015f   Thumb Code     0  startup_stm32f10x_hd.o(.text)
    TIM8_CC_IRQHandler                       0x0800015f   Thumb Code     0  startup_stm32f10x_hd.o(.text)
    TIM8_TRG_COM_IRQHandler                  0x0800015f   Thumb Code     0  startup_stm32f10x_hd.o(.text)
    TIM8_UP_IRQHandler                       0x0800015f   Thumb Code     0  startup_stm32f10x_hd.o(.text)
    UART4_IRQHandler                         0x0800015f   Thumb Code     0  startup_stm32f10x_hd.o(.text)
    UART5_IRQHandler                         0x0800015f   Thumb Code     0  startup_stm32f10x_hd.o(.text)
    USART1_IRQHandler                        0x0800015f   Thumb Code     0  startup_stm32f10x_hd.o(.text)
    USART2_IRQHandler                        0x0800015f   Thumb Code     0  startup_stm32f10x_hd.o(.text)
    USART3_IRQHandler                        0x0800015f   Thumb Code     0  startup_stm32f10x_hd.o(.text)
    USBWakeUp_IRQHandler                     0x0800015f   Thumb Code     0  startup_stm32f10x_hd.o(.text)
    USB_HP_CAN1_TX_IRQHandler                0x0800015f   Thumb Code     0  startup_stm32f10x_hd.o(.text)
    USB_LP_CAN1_RX0_IRQHandler               0x0800015f   Thumb Code     0  startup_stm32f10x_hd.o(.text)
    WWDG_IRQHandler                          0x0800015f   Thumb Code     0  startup_stm32f10x_hd.o(.text)
    SystemInit                               0x08000247   Thumb Code    78  system_stm32f10x.o(.text)
    SystemCoreClockUpdate                    0x08000295   Thumb Code   142  system_stm32f10x.o(.text)
    NVIC_PriorityGroupConfig                 0x08000349   Thumb Code    10  misc.o(.text)
    NVIC_Init                                0x08000353   Thumb Code   100  misc.o(.text)
    NVIC_SetVectorTable                      0x080003b7   Thumb Code    14  misc.o(.text)
    NVIC_SystemLPConfig                      0x080003c5   Thumb Code    34  misc.o(.text)
    SysTick_CLKSourceConfig                  0x080003e7   Thumb Code    40  misc.o(.text)
    ADC_DeInit                               0x08000425   Thumb Code    78  stm32f10x_adc.o(.text)
    ADC_Init                                 0x08000473   Thumb Code    70  stm32f10x_adc.o(.text)
    ADC_StructInit                           0x080004b9   Thumb Code    18  stm32f10x_adc.o(.text)
    ADC_Cmd                                  0x080004cb   Thumb Code    22  stm32f10x_adc.o(.text)
    ADC_DMACmd                               0x080004e1   Thumb Code    22  stm32f10x_adc.o(.text)
    ADC_ITConfig                             0x080004f7   Thumb Code    24  stm32f10x_adc.o(.text)
    ADC_ResetCalibration                     0x0800050f   Thumb Code    10  stm32f10x_adc.o(.text)
    ADC_GetResetCalibrationStatus            0x08000519   Thumb Code    20  stm32f10x_adc.o(.text)
    ADC_StartCalibration                     0x0800052d   Thumb Code    10  stm32f10x_adc.o(.text)
    ADC_GetCalibrationStatus                 0x08000537   Thumb Code    20  stm32f10x_adc.o(.text)
    ADC_SoftwareStartConvCmd                 0x0800054b   Thumb Code    22  stm32f10x_adc.o(.text)
    ADC_GetSoftwareStartConvStatus           0x08000561   Thumb Code    20  stm32f10x_adc.o(.text)
    ADC_DiscModeChannelCountConfig           0x08000575   Thumb Code    24  stm32f10x_adc.o(.text)
    ADC_DiscModeCmd                          0x0800058d   Thumb Code    22  stm32f10x_adc.o(.text)
    ADC_RegularChannelConfig                 0x080005a3   Thumb Code   184  stm32f10x_adc.o(.text)
    ADC_ExternalTrigConvCmd                  0x0800065b   Thumb Code    22  stm32f10x_adc.o(.text)
    ADC_GetConversionValue                   0x08000671   Thumb Code     8  stm32f10x_adc.o(.text)
    ADC_GetDualModeConversionValue           0x08000679   Thumb Code     8  stm32f10x_adc.o(.text)
    ADC_AutoInjectedConvCmd                  0x08000681   Thumb Code    22  stm32f10x_adc.o(.text)
    ADC_InjectedDiscModeCmd                  0x08000697   Thumb Code    22  stm32f10x_adc.o(.text)
    ADC_ExternalTrigInjectedConvConfig       0x080006ad   Thumb Code    16  stm32f10x_adc.o(.text)
    ADC_ExternalTrigInjectedConvCmd          0x080006bd   Thumb Code    22  stm32f10x_adc.o(.text)
    ADC_SoftwareStartInjectedConvCmd         0x080006d3   Thumb Code    22  stm32f10x_adc.o(.text)
    ADC_GetSoftwareStartInjectedConvCmdStatus 0x080006e9   Thumb Code    20  stm32f10x_adc.o(.text)
    ADC_InjectedChannelConfig                0x080006fd   Thumb Code   130  stm32f10x_adc.o(.text)
    ADC_InjectedSequencerLengthConfig        0x0800077f   Thumb Code    24  stm32f10x_adc.o(.text)
    ADC_SetInjectedOffset                    0x08000797   Thumb Code    20  stm32f10x_adc.o(.text)
    ADC_GetInjectedConversionValue           0x080007ab   Thumb Code    28  stm32f10x_adc.o(.text)
    ADC_AnalogWatchdogCmd                    0x080007c7   Thumb Code    16  stm32f10x_adc.o(.text)
    ADC_AnalogWatchdogThresholdsConfig       0x080007d7   Thumb Code     6  stm32f10x_adc.o(.text)
    ADC_AnalogWatchdogSingleChannelConfig    0x080007dd   Thumb Code    16  stm32f10x_adc.o(.text)
    ADC_TempSensorVrefintCmd                 0x080007ed   Thumb Code    64  stm32f10x_adc.o(.text)
    ADC_GetFlagStatus                        0x0800082d   Thumb Code    18  stm32f10x_adc.o(.text)
    ADC_ClearFlag                            0x0800083f   Thumb Code     6  stm32f10x_adc.o(.text)
    ADC_GetITStatus                          0x08000845   Thumb Code    36  stm32f10x_adc.o(.text)
    ADC_ClearITPendingBit                    0x08000869   Thumb Code    10  stm32f10x_adc.o(.text)
    GPIO_DeInit                              0x08000875   Thumb Code   172  stm32f10x_gpio.o(.text)
    GPIO_AFIODeInit                          0x08000921   Thumb Code    20  stm32f10x_gpio.o(.text)
    GPIO_Init                                0x08000935   Thumb Code   278  stm32f10x_gpio.o(.text)
    GPIO_StructInit                          0x08000a4b   Thumb Code    16  stm32f10x_gpio.o(.text)
    GPIO_ReadInputDataBit                    0x08000a5b   Thumb Code    18  stm32f10x_gpio.o(.text)
    GPIO_ReadInputData                       0x08000a6d   Thumb Code     8  stm32f10x_gpio.o(.text)
    GPIO_ReadOutputDataBit                   0x08000a75   Thumb Code    18  stm32f10x_gpio.o(.text)
    GPIO_ReadOutputData                      0x08000a87   Thumb Code     8  stm32f10x_gpio.o(.text)
    GPIO_SetBits                             0x08000a8f   Thumb Code     4  stm32f10x_gpio.o(.text)
    GPIO_ResetBits                           0x08000a93   Thumb Code     4  stm32f10x_gpio.o(.text)
    GPIO_WriteBit                            0x08000a97   Thumb Code    10  stm32f10x_gpio.o(.text)
    GPIO_Write                               0x08000aa1   Thumb Code     4  stm32f10x_gpio.o(.text)
    GPIO_PinLockConfig                       0x08000aa5   Thumb Code    18  stm32f10x_gpio.o(.text)
    GPIO_EventOutputConfig                   0x08000ab7   Thumb Code    26  stm32f10x_gpio.o(.text)
    GPIO_EventOutputCmd                      0x08000ad1   Thumb Code     6  stm32f10x_gpio.o(.text)
    GPIO_PinRemapConfig                      0x08000ad7   Thumb Code   138  stm32f10x_gpio.o(.text)
    GPIO_EXTILineConfig                      0x08000b61   Thumb Code    66  stm32f10x_gpio.o(.text)
    GPIO_ETH_MediaInterfaceConfig            0x08000ba3   Thumb Code     8  stm32f10x_gpio.o(.text)
    I2C_DeInit                               0x08000bd1   Thumb Code    50  stm32f10x_i2c.o(.text)
    I2C_Init                                 0x08000c03   Thumb Code   222  stm32f10x_i2c.o(.text)
    I2C_StructInit                           0x08000ce1   Thumb Code    30  stm32f10x_i2c.o(.text)
    I2C_Cmd                                  0x08000cff   Thumb Code    24  stm32f10x_i2c.o(.text)
    I2C_DMACmd                               0x08000d17   Thumb Code    24  stm32f10x_i2c.o(.text)
    I2C_DMALastTransferCmd                   0x08000d2f   Thumb Code    24  stm32f10x_i2c.o(.text)
    I2C_GenerateSTART                        0x08000d47   Thumb Code    24  stm32f10x_i2c.o(.text)
    I2C_GenerateSTOP                         0x08000d5f   Thumb Code    24  stm32f10x_i2c.o(.text)
    I2C_AcknowledgeConfig                    0x08000d77   Thumb Code    24  stm32f10x_i2c.o(.text)
    I2C_OwnAddress2Config                    0x08000d8f   Thumb Code    22  stm32f10x_i2c.o(.text)
    I2C_DualAddressCmd                       0x08000da5   Thumb Code    24  stm32f10x_i2c.o(.text)
    I2C_GeneralCallCmd                       0x08000dbd   Thumb Code    24  stm32f10x_i2c.o(.text)
    I2C_ITConfig                             0x08000dd5   Thumb Code    18  stm32f10x_i2c.o(.text)
    I2C_SendData                             0x08000de7   Thumb Code     4  stm32f10x_i2c.o(.text)
    I2C_ReceiveData                          0x08000deb   Thumb Code     8  stm32f10x_i2c.o(.text)
    I2C_Send7bitAddress                      0x08000df3   Thumb Code    18  stm32f10x_i2c.o(.text)
    I2C_ReadRegister                         0x08000e05   Thumb Code    22  stm32f10x_i2c.o(.text)
    I2C_SoftwareResetCmd                     0x08000e1b   Thumb Code    22  stm32f10x_i2c.o(.text)
    I2C_NACKPositionConfig                   0x08000e31   Thumb Code    28  stm32f10x_i2c.o(.text)
    I2C_SMBusAlertConfig                     0x08000e4d   Thumb Code    28  stm32f10x_i2c.o(.text)
    I2C_TransmitPEC                          0x08000e69   Thumb Code    24  stm32f10x_i2c.o(.text)
    I2C_PECPositionConfig                    0x08000e81   Thumb Code    28  stm32f10x_i2c.o(.text)
    I2C_CalculatePEC                         0x08000e9d   Thumb Code    24  stm32f10x_i2c.o(.text)
    I2C_GetPEC                               0x08000eb5   Thumb Code     8  stm32f10x_i2c.o(.text)
    I2C_ARPCmd                               0x08000ebd   Thumb Code    24  stm32f10x_i2c.o(.text)
    I2C_StretchClockCmd                      0x08000ed5   Thumb Code    24  stm32f10x_i2c.o(.text)
    I2C_FastModeDutyCycleConfig              0x08000eed   Thumb Code    28  stm32f10x_i2c.o(.text)
    I2C_CheckEvent                           0x08000f09   Thumb Code    42  stm32f10x_i2c.o(.text)
    I2C_GetLastEvent                         0x08000f33   Thumb Code    26  stm32f10x_i2c.o(.text)
    I2C_GetFlagStatus                        0x08000f4d   Thumb Code    58  stm32f10x_i2c.o(.text)
    I2C_ClearFlag                            0x08000f87   Thumb Code    12  stm32f10x_i2c.o(.text)
    I2C_GetITStatus                          0x08000f93   Thumb Code    54  stm32f10x_i2c.o(.text)
    I2C_ClearITPendingBit                    0x08000fc9   Thumb Code    12  stm32f10x_i2c.o(.text)
    IWDG_WriteAccessCmd                      0x08000fd5   Thumb Code     6  stm32f10x_iwdg.o(.text)
    IWDG_SetPrescaler                        0x08000fdb   Thumb Code     6  stm32f10x_iwdg.o(.text)
    IWDG_SetReload                           0x08000fe1   Thumb Code     6  stm32f10x_iwdg.o(.text)
    IWDG_ReloadCounter                       0x08000fe7   Thumb Code    10  stm32f10x_iwdg.o(.text)
    IWDG_Enable                              0x08000ff1   Thumb Code    10  stm32f10x_iwdg.o(.text)
    IWDG_GetFlagStatus                       0x08000ffb   Thumb Code    20  stm32f10x_iwdg.o(.text)
    RCC_DeInit                               0x08001015   Thumb Code    64  stm32f10x_rcc.o(.text)
    RCC_HSEConfig                            0x08001055   Thumb Code    70  stm32f10x_rcc.o(.text)
    RCC_GetFlagStatus                        0x0800109b   Thumb Code    56  stm32f10x_rcc.o(.text)
    RCC_WaitForHSEStartUp                    0x080010d3   Thumb Code    56  stm32f10x_rcc.o(.text)
    RCC_AdjustHSICalibrationValue            0x0800110b   Thumb Code    20  stm32f10x_rcc.o(.text)
    RCC_HSICmd                               0x0800111f   Thumb Code     6  stm32f10x_rcc.o(.text)
    RCC_PLLConfig                            0x08001125   Thumb Code    24  stm32f10x_rcc.o(.text)
    RCC_PLLCmd                               0x0800113d   Thumb Code     6  stm32f10x_rcc.o(.text)
    RCC_SYSCLKConfig                         0x08001143   Thumb Code    18  stm32f10x_rcc.o(.text)
    RCC_GetSYSCLKSource                      0x08001155   Thumb Code    10  stm32f10x_rcc.o(.text)
    RCC_HCLKConfig                           0x0800115f   Thumb Code    18  stm32f10x_rcc.o(.text)
    RCC_PCLK1Config                          0x08001171   Thumb Code    18  stm32f10x_rcc.o(.text)
    RCC_PCLK2Config                          0x08001183   Thumb Code    20  stm32f10x_rcc.o(.text)
    RCC_ITConfig                             0x08001197   Thumb Code    26  stm32f10x_rcc.o(.text)
    RCC_USBCLKConfig                         0x080011b1   Thumb Code     8  stm32f10x_rcc.o(.text)
    RCC_ADCCLKConfig                         0x080011b9   Thumb Code    18  stm32f10x_rcc.o(.text)
    RCC_LSEConfig                            0x080011cb   Thumb Code    50  stm32f10x_rcc.o(.text)
    RCC_LSICmd                               0x080011fd   Thumb Code     6  stm32f10x_rcc.o(.text)
    RCC_RTCCLKConfig                         0x08001203   Thumb Code    12  stm32f10x_rcc.o(.text)
    RCC_RTCCLKCmd                            0x0800120f   Thumb Code     8  stm32f10x_rcc.o(.text)
    RCC_GetClocksFreq                        0x08001217   Thumb Code   192  stm32f10x_rcc.o(.text)
    RCC_AHBPeriphClockCmd                    0x080012d7   Thumb Code    26  stm32f10x_rcc.o(.text)
    RCC_APB2PeriphClockCmd                   0x080012f1   Thumb Code    26  stm32f10x_rcc.o(.text)
    RCC_APB1PeriphClockCmd                   0x0800130b   Thumb Code    26  stm32f10x_rcc.o(.text)
    RCC_APB2PeriphResetCmd                   0x08001325   Thumb Code    26  stm32f10x_rcc.o(.text)
    RCC_APB1PeriphResetCmd                   0x0800133f   Thumb Code    26  stm32f10x_rcc.o(.text)
    RCC_BackupResetCmd                       0x08001359   Thumb Code     8  stm32f10x_rcc.o(.text)
    RCC_ClockSecuritySystemCmd               0x08001361   Thumb Code     6  stm32f10x_rcc.o(.text)
    RCC_MCOConfig                            0x08001367   Thumb Code     6  stm32f10x_rcc.o(.text)
    RCC_ClearFlag                            0x0800136d   Thumb Code    14  stm32f10x_rcc.o(.text)
    RCC_GetITStatus                          0x0800137b   Thumb Code    20  stm32f10x_rcc.o(.text)
    RCC_ClearITPendingBit                    0x0800138f   Thumb Code     6  stm32f10x_rcc.o(.text)
    SPI_I2S_DeInit                           0x080013b9   Thumb Code    76  stm32f10x_spi.o(.text)
    SPI_Init                                 0x08001405   Thumb Code    60  stm32f10x_spi.o(.text)
    I2S_Init                                 0x08001441   Thumb Code   226  stm32f10x_spi.o(.text)
    SPI_StructInit                           0x08001523   Thumb Code    24  stm32f10x_spi.o(.text)
    I2S_StructInit                           0x0800153b   Thumb Code    20  stm32f10x_spi.o(.text)
    SPI_Cmd                                  0x0800154f   Thumb Code    24  stm32f10x_spi.o(.text)
    I2S_Cmd                                  0x08001567   Thumb Code    24  stm32f10x_spi.o(.text)
    SPI_I2S_ITConfig                         0x0800157f   Thumb Code    32  stm32f10x_spi.o(.text)
    SPI_I2S_DMACmd                           0x0800159f   Thumb Code    18  stm32f10x_spi.o(.text)
    SPI_I2S_SendData                         0x080015b1   Thumb Code     4  stm32f10x_spi.o(.text)
    SPI_I2S_ReceiveData                      0x080015b5   Thumb Code     6  stm32f10x_spi.o(.text)
    SPI_NSSInternalSoftwareConfig            0x080015bb   Thumb Code    30  stm32f10x_spi.o(.text)
    SPI_SSOutputCmd                          0x080015d9   Thumb Code    24  stm32f10x_spi.o(.text)
    SPI_DataSizeConfig                       0x080015f1   Thumb Code    18  stm32f10x_spi.o(.text)
    SPI_TransmitCRC                          0x08001603   Thumb Code    10  stm32f10x_spi.o(.text)
    SPI_CalculateCRC                         0x0800160d   Thumb Code    24  stm32f10x_spi.o(.text)
    SPI_GetCRC                               0x08001625   Thumb Code    16  stm32f10x_spi.o(.text)
    SPI_GetCRCPolynomial                     0x08001635   Thumb Code     6  stm32f10x_spi.o(.text)
    SPI_BiDirectionalLineConfig              0x0800163b   Thumb Code    28  stm32f10x_spi.o(.text)
    SPI_I2S_GetFlagStatus                    0x08001657   Thumb Code    18  stm32f10x_spi.o(.text)
    SPI_I2S_ClearFlag                        0x08001669   Thumb Code     6  stm32f10x_spi.o(.text)
    SPI_I2S_GetITStatus                      0x0800166f   Thumb Code    52  stm32f10x_spi.o(.text)
    SPI_I2S_ClearITPendingBit                0x080016a3   Thumb Code    20  stm32f10x_spi.o(.text)
    TIM_DeInit                               0x080016c5   Thumb Code   424  stm32f10x_tim.o(.text)
    TIM_TimeBaseInit                         0x0800186d   Thumb Code   122  stm32f10x_tim.o(.text)
    TIM_OC1Init                              0x080018e7   Thumb Code   132  stm32f10x_tim.o(.text)
    TIM_OC2Init                              0x0800196b   Thumb Code   154  stm32f10x_tim.o(.text)
    TIM_OC3Init                              0x08001a05   Thumb Code   150  stm32f10x_tim.o(.text)
    TIM_OC4Init                              0x08001a9b   Thumb Code   182  stm32f10x_tim.o(.text)
    TIM_SetIC4Prescaler                      0x08001b51   Thumb Code    26  stm32f10x_tim.o(.text)
    TIM_SetIC3Prescaler                      0x08001bed   Thumb Code    18  stm32f10x_tim.o(.text)
    TIM_SetIC2Prescaler                      0x08001c79   Thumb Code    26  stm32f10x_tim.o(.text)
    TIM_SetIC1Prescaler                      0x08001d15   Thumb Code    18  stm32f10x_tim.o(.text)
    TIM_ICInit                               0x08001d93   Thumb Code   150  stm32f10x_tim.o(.text)
    TIM_PWMIConfig                           0x08001e29   Thumb Code   124  stm32f10x_tim.o(.text)
    TIM_BDTRConfig                           0x08001ea5   Thumb Code    32  stm32f10x_tim.o(.text)
    TIM_TimeBaseStructInit                   0x08001ec5   Thumb Code    18  stm32f10x_tim.o(.text)
    TIM_OCStructInit                         0x08001ed7   Thumb Code    20  stm32f10x_tim.o(.text)
    TIM_ICStructInit                         0x08001eeb   Thumb Code    18  stm32f10x_tim.o(.text)
    TIM_BDTRStructInit                       0x08001efd   Thumb Code    40  stm32f10x_tim.o(.text)
    TIM_Cmd                                  0x08001f25   Thumb Code    24  stm32f10x_tim.o(.text)
    TIM_CtrlPWMOutputs                       0x08001f3d   Thumb Code    30  stm32f10x_tim.o(.text)
    TIM_ITConfig                             0x08001f5b   Thumb Code    18  stm32f10x_tim.o(.text)
    TIM_GenerateEvent                        0x08001f6d   Thumb Code     4  stm32f10x_tim.o(.text)
    TIM_DMAConfig                            0x08001f71   Thumb Code    10  stm32f10x_tim.o(.text)
    TIM_DMACmd                               0x08001f7b   Thumb Code    18  stm32f10x_tim.o(.text)
    TIM_InternalClockConfig                  0x08001f8d   Thumb Code    12  stm32f10x_tim.o(.text)
    TIM_SelectInputTrigger                   0x08001f99   Thumb Code    18  stm32f10x_tim.o(.text)
    TIM_ITRxExternalClockConfig              0x08001fab   Thumb Code    24  stm32f10x_tim.o(.text)
    TIM_TIxExternalClockConfig               0x08001fc3   Thumb Code    62  stm32f10x_tim.o(.text)
    TIM_ETRConfig                            0x08002001   Thumb Code    28  stm32f10x_tim.o(.text)
    TIM_ETRClockMode1Config                  0x0800201d   Thumb Code    54  stm32f10x_tim.o(.text)
    TIM_ETRClockMode2Config                  0x08002053   Thumb Code    32  stm32f10x_tim.o(.text)
    TIM_PrescalerConfig                      0x08002073   Thumb Code     6  stm32f10x_tim.o(.text)
    TIM_CounterModeConfig                    0x08002079   Thumb Code    18  stm32f10x_tim.o(.text)
    TIM_EncoderInterfaceConfig               0x0800208b   Thumb Code    66  stm32f10x_tim.o(.text)
    TIM_ForcedOC1Config                      0x080020cd   Thumb Code    18  stm32f10x_tim.o(.text)
    TIM_ForcedOC2Config                      0x080020df   Thumb Code    26  stm32f10x_tim.o(.text)
    TIM_ForcedOC3Config                      0x080020f9   Thumb Code    18  stm32f10x_tim.o(.text)
    TIM_ForcedOC4Config                      0x0800210b   Thumb Code    26  stm32f10x_tim.o(.text)
    TIM_ARRPreloadConfig                     0x08002125   Thumb Code    24  stm32f10x_tim.o(.text)
    TIM_SelectCOM                            0x0800213d   Thumb Code    24  stm32f10x_tim.o(.text)
    TIM_SelectCCDMA                          0x08002155   Thumb Code    24  stm32f10x_tim.o(.text)
    TIM_CCPreloadControl                     0x0800216d   Thumb Code    24  stm32f10x_tim.o(.text)
    TIM_OC1PreloadConfig                     0x08002185   Thumb Code    18  stm32f10x_tim.o(.text)
    TIM_OC2PreloadConfig                     0x08002197   Thumb Code    26  stm32f10x_tim.o(.text)
    TIM_OC3PreloadConfig                     0x080021b1   Thumb Code    18  stm32f10x_tim.o(.text)
    TIM_OC4PreloadConfig                     0x080021c3   Thumb Code    26  stm32f10x_tim.o(.text)
    TIM_OC1FastConfig                        0x080021dd   Thumb Code    18  stm32f10x_tim.o(.text)
    TIM_OC2FastConfig                        0x080021ef   Thumb Code    26  stm32f10x_tim.o(.text)
    TIM_OC3FastConfig                        0x08002209   Thumb Code    18  stm32f10x_tim.o(.text)
    TIM_OC4FastConfig                        0x0800221b   Thumb Code    26  stm32f10x_tim.o(.text)
    TIM_ClearOC1Ref                          0x08002235   Thumb Code    18  stm32f10x_tim.o(.text)
    TIM_ClearOC2Ref                          0x08002247   Thumb Code    24  stm32f10x_tim.o(.text)
    TIM_ClearOC3Ref                          0x0800225f   Thumb Code    18  stm32f10x_tim.o(.text)
    TIM_ClearOC4Ref                          0x08002271   Thumb Code    24  stm32f10x_tim.o(.text)
    TIM_OC1PolarityConfig                    0x08002289   Thumb Code    18  stm32f10x_tim.o(.text)
    TIM_OC1NPolarityConfig                   0x0800229b   Thumb Code    18  stm32f10x_tim.o(.text)
    TIM_OC2PolarityConfig                    0x080022ad   Thumb Code    26  stm32f10x_tim.o(.text)
    TIM_OC2NPolarityConfig                   0x080022c7   Thumb Code    26  stm32f10x_tim.o(.text)
    TIM_OC3PolarityConfig                    0x080022e1   Thumb Code    26  stm32f10x_tim.o(.text)
    TIM_OC3NPolarityConfig                   0x080022fb   Thumb Code    26  stm32f10x_tim.o(.text)
    TIM_OC4PolarityConfig                    0x08002315   Thumb Code    26  stm32f10x_tim.o(.text)
    TIM_CCxCmd                               0x0800232f   Thumb Code    30  stm32f10x_tim.o(.text)
    TIM_CCxNCmd                              0x0800234d   Thumb Code    30  stm32f10x_tim.o(.text)
    TIM_SelectOCxM                           0x0800236b   Thumb Code    82  stm32f10x_tim.o(.text)
    TIM_UpdateDisableConfig                  0x080023bd   Thumb Code    24  stm32f10x_tim.o(.text)
    TIM_UpdateRequestConfig                  0x080023d5   Thumb Code    24  stm32f10x_tim.o(.text)
    TIM_SelectHallSensor                     0x080023ed   Thumb Code    24  stm32f10x_tim.o(.text)
    TIM_SelectOnePulseMode                   0x08002405   Thumb Code    18  stm32f10x_tim.o(.text)
    TIM_SelectOutputTrigger                  0x08002417   Thumb Code    18  stm32f10x_tim.o(.text)
    TIM_SelectSlaveMode                      0x08002429   Thumb Code    18  stm32f10x_tim.o(.text)
    TIM_SelectMasterSlaveMode                0x0800243b   Thumb Code    18  stm32f10x_tim.o(.text)
    TIM_SetCounter                           0x0800244d   Thumb Code     4  stm32f10x_tim.o(.text)
    TIM_SetAutoreload                        0x08002451   Thumb Code     4  stm32f10x_tim.o(.text)
    TIM_SetCompare1                          0x08002455   Thumb Code     4  stm32f10x_tim.o(.text)
    TIM_SetCompare2                          0x08002459   Thumb Code     4  stm32f10x_tim.o(.text)
    TIM_SetCompare3                          0x0800245d   Thumb Code     4  stm32f10x_tim.o(.text)
    TIM_SetCompare4                          0x08002461   Thumb Code     6  stm32f10x_tim.o(.text)
    TIM_SetClockDivision                     0x08002467   Thumb Code    18  stm32f10x_tim.o(.text)
    TIM_GetCapture1                          0x08002479   Thumb Code     6  stm32f10x_tim.o(.text)
    TIM_GetCapture2                          0x0800247f   Thumb Code     6  stm32f10x_tim.o(.text)
    TIM_GetCapture3                          0x08002485   Thumb Code     6  stm32f10x_tim.o(.text)
    TIM_GetCapture4                          0x0800248b   Thumb Code     8  stm32f10x_tim.o(.text)
    TIM_GetCounter                           0x08002493   Thumb Code     6  stm32f10x_tim.o(.text)
    TIM_GetPrescaler                         0x08002499   Thumb Code     6  stm32f10x_tim.o(.text)
    TIM_GetFlagStatus                        0x0800249f   Thumb Code    18  stm32f10x_tim.o(.text)
    TIM_ClearFlag                            0x080024b1   Thumb Code     6  stm32f10x_tim.o(.text)
    TIM_GetITStatus                          0x080024b7   Thumb Code    34  stm32f10x_tim.o(.text)
    TIM_ClearITPendingBit                    0x080024d9   Thumb Code     6  stm32f10x_tim.o(.text)
    USART_DeInit                             0x080024e1   Thumb Code   134  stm32f10x_usart.o(.text)
    USART_Init                               0x08002567   Thumb Code   210  stm32f10x_usart.o(.text)
    USART_StructInit                         0x08002639   Thumb Code    24  stm32f10x_usart.o(.text)
    USART_ClockInit                          0x08002651   Thumb Code    34  stm32f10x_usart.o(.text)
    USART_ClockStructInit                    0x08002673   Thumb Code    12  stm32f10x_usart.o(.text)
    USART_Cmd                                0x0800267f   Thumb Code    24  stm32f10x_usart.o(.text)
    USART_ITConfig                           0x08002697   Thumb Code    74  stm32f10x_usart.o(.text)
    USART_DMACmd                             0x080026e1   Thumb Code    18  stm32f10x_usart.o(.text)
    USART_SetAddress                         0x080026f3   Thumb Code    18  stm32f10x_usart.o(.text)
    USART_WakeUpConfig                       0x08002705   Thumb Code    18  stm32f10x_usart.o(.text)
    USART_ReceiverWakeUpCmd                  0x08002717   Thumb Code    24  stm32f10x_usart.o(.text)
    USART_LINBreakDetectLengthConfig         0x0800272f   Thumb Code    18  stm32f10x_usart.o(.text)
    USART_LINCmd                             0x08002741   Thumb Code    24  stm32f10x_usart.o(.text)
    USART_SendData                           0x08002759   Thumb Code     8  stm32f10x_usart.o(.text)
    USART_ReceiveData                        0x08002761   Thumb Code    10  stm32f10x_usart.o(.text)
    USART_SendBreak                          0x0800276b   Thumb Code    10  stm32f10x_usart.o(.text)
    USART_SetGuardTime                       0x08002775   Thumb Code    16  stm32f10x_usart.o(.text)
    USART_SetPrescaler                       0x08002785   Thumb Code    16  stm32f10x_usart.o(.text)
    USART_SmartCardCmd                       0x08002795   Thumb Code    24  stm32f10x_usart.o(.text)
    USART_SmartCardNACKCmd                   0x080027ad   Thumb Code    24  stm32f10x_usart.o(.text)
    USART_HalfDuplexCmd                      0x080027c5   Thumb Code    24  stm32f10x_usart.o(.text)
    USART_OverSampling8Cmd                   0x080027dd   Thumb Code    22  stm32f10x_usart.o(.text)
    USART_OneBitMethodCmd                    0x080027f3   Thumb Code    24  stm32f10x_usart.o(.text)
    USART_IrDAConfig                         0x0800280b   Thumb Code    18  stm32f10x_usart.o(.text)
    USART_IrDACmd                            0x0800281d   Thumb Code    24  stm32f10x_usart.o(.text)
    USART_GetFlagStatus                      0x08002835   Thumb Code    26  stm32f10x_usart.o(.text)
    USART_ClearFlag                          0x0800284f   Thumb Code    18  stm32f10x_usart.o(.text)
    USART_GetITStatus                        0x08002861   Thumb Code    84  stm32f10x_usart.o(.text)
    USART_ClearITPendingBit                  0x080028b5   Thumb Code    52  stm32f10x_usart.o(.text)
    main                                     0x080028e9   Thumb Code    94  main.o(.text)
    NMI_Handler                              0x08002947   Thumb Code     2  stm32f10x_it.o(.text)
    HardFault_Handler                        0x08002949   Thumb Code     4  stm32f10x_it.o(.text)
    MemManage_Handler                        0x0800294d   Thumb Code     4  stm32f10x_it.o(.text)
    BusFault_Handler                         0x08002951   Thumb Code     4  stm32f10x_it.o(.text)
    UsageFault_Handler                       0x08002955   Thumb Code     4  stm32f10x_it.o(.text)
    SVC_Handler                              0x08002959   Thumb Code     2  stm32f10x_it.o(.text)
    DebugMon_Handler                         0x0800295b   Thumb Code     2  stm32f10x_it.o(.text)
    PendSV_Handler                           0x0800295d   Thumb Code     2  stm32f10x_it.o(.text)
    SysTick_Handler                          0x0800295f   Thumb Code     8  stm32f10x_it.o(.text)
    LED_GPIO_Config                          0x08002969   Thumb Code    90  bsp_led.o(.text)
    Base_time_init                           0x080029c9   Thumb Code    44  sysclock.o(.text)
    Usart_init                               0x08002a1b   Thumb Code   136  sysclock.o(.text)
    Usart_SendByte                           0x08002aa3   Thumb Code    30  sysclock.o(.text)
    fputc                                    0x08002ac1   Thumb Code    32  sysclock.o(.text)
    fgetc                                    0x08002ae1   Thumb Code    26  sysclock.o(.text)
    SysTick_Init                             0x08002afb   Thumb Code   106  sysclock.o(.text)
    time_count                               0x08002b65   Thumb Code    32  sysclock.o(.text)
    Time_Check                               0x08002b85   Thumb Code   126  sysclock.o(.text)
    Time_Clear                               0x08002c03   Thumb Code    24  sysclock.o(.text)
    Delay_ms                                 0x08002c1b   Thumb Code    32  sysclock.o(.text)
    Sent_ID                                  0x08002c3b   Thumb Code    60  sysclock.o(.text)
    IWDG_init                                0x08002c77   Thumb Code    36  sysclock.o(.text)
    Clear_IWDG                               0x08002c9b   Thumb Code     8  sysclock.o(.text)
    Buzz_Init                                0x08002ce5   Thumb Code    56  buzz_souce.o(.text)
    Buzz_flash_time                          0x08002d1d   Thumb Code   258  buzz_souce.o(.text)
    Key_Init                                 0x08002e35   Thumb Code    84  key_scan.o(.text)
    Key_Check_Press                          0x08002e89   Thumb Code    92  key_scan.o(.text)
    Key_Check_Release                        0x08002ee5   Thumb Code    86  key_scan.o(.text)
    Key_Check                                0x08002f3b   Thumb Code    84  key_scan.o(.text)
    First_press                              0x08002f8f   Thumb Code    68  key_scan.o(.text)
    Keep_press                               0x08002fd3   Thumb Code    24  key_scan.o(.text)
    Release_press                            0x08002feb   Thumb Code    34  key_scan.o(.text)
    Keycan_deal                              0x0800300d   Thumb Code    68  key_scan.o(.text)
    BASIC_TIM_NVIC_Config                    0x08003075   Thumb Code    42  timer.o(.text)
    Timer_init                               0x0800309f   Thumb Code    96  timer.o(.text)
    TPAD_TIM_GPIO_init                       0x080030ff   Thumb Code    32  timer.o(.text)
    TPAD_TIM_MODE_Init                       0x0800311f   Thumb Code    90  timer.o(.text)
    TPAD_Reset                               0x08003179   Thumb Code    66  timer.o(.text)
    TPAD_Get_Val                             0x080031bb   Thumb Code    66  timer.o(.text)
    TPAD_Init                                0x080031fd   Thumb Code    36  timer.o(.text)
    TPAD_Get_MaxVal                          0x08003221   Thumb Code    36  timer.o(.text)
    TPAD_Scan                                0x08003245   Thumb Code    78  timer.o(.text)
    TIM6_IRQHandler                          0x08003293   Thumb Code    32  timer.o(.text)
    ADC_NVIC_init                            0x080032cd   Thumb Code    38  adc.o(.text)
    ADCx_Mode_Init                           0x080032f3   Thumb Code   138  adc.o(.text)
    ADCx_GPIO_Init                           0x0800337d   Thumb Code    32  adc.o(.text)
    ADC_init                                 0x0800339d   Thumb Code    42  adc.o(.text)
    ADC1_2_IRQHandler                        0x080033c7   Thumb Code    38  adc.o(.text)
    ADC_SenUsart                             0x080033ed   Thumb Code    96  adc.o(.text)
    DelayInit                                0x080034b1   Thumb Code    50  delay.o(.text)
    DelayUs                                  0x080034e3   Thumb Code    72  delay.o(.text)
    DelayMs                                  0x0800352b   Thumb Code    72  delay.o(.text)
    DelayS                                   0x08003573   Thumb Code    26  delay.o(.text)
    IIC_Stop                                 0x080035ab   Thumb Code    28  iic.o(.text)
    IIC_GPIO_Init                            0x080035c7   Thumb Code    62  iic.o(.text)
    IIC_Init                                 0x08003605   Thumb Code     8  iic.o(.text)
    IIC_Start                                0x0800360d   Thumb Code    40  iic.o(.text)
    IIC_ACK                                  0x08003635   Thumb Code    44  iic.o(.text)
    IIC_NACK                                 0x08003661   Thumb Code    38  iic.o(.text)
    IIC_SendByte                             0x08003687   Thumb Code    86  iic.o(.text)
    IIC_Read_Byte                            0x080036dd   Thumb Code    76  iic.o(.text)
    IIC_WaitAck                              0x08003729   Thumb Code    58  iic.o(.text)
    IIC_CheckDevice                          0x08003763   Thumb Code    32  iic.o(.text)
    SPI_init                                 0x08003789   Thumb Code   176  spi.o(.text)
    SPI_SendByte                             0x08003849   Thumb Code   110  spi.o(.text)
    BMI_160_IIC_INIT                         0x080038f9   Thumb Code   110  bmi_160.o(.text)
    BMI_160_WriteReg                         0x08003973   Thumb Code   232  bmi_160.o(.text)
    BMI_160_ReadRegData                      0x08003a5b   Thumb Code   370  bmi_160.o(.text)
    BMI_160_ReadData                         0x08003bcd   Thumb Code    88  bmi_160.o(.text)
    WriteReg                                 0x08003c25   Thumb Code    16  bmi_160.o(.text)
    BIM_160_Init                             0x08003c35   Thumb Code    84  bmi_160.o(.text)
    ReadData                                 0x08003c89   Thumb Code    20  bmi_160.o(.text)
    Read_BMI_160_Gyro_data                   0x08003c9d   Thumb Code   184  bmi_160.o(.text)
    Read_BMI_160_ACC_data                    0x08003d55   Thumb Code   118  bmi_160.o(.text)
    BMI_160_ReadID                           0x08003dcb   Thumb Code    46  bmi_160.o(.text)
    Sent_BMI_160_USART                       0x08003df9   Thumb Code   204  bmi_160.o(.text)
    Get_BMI_160_Data                         0x08003ec5   Thumb Code    50  bmi_160.o(.text)
    OLED_GPIO_INIT                           0x080040c9   Thumb Code   112  oled.o(.text)
    OLED_wtiteByte                           0x08004139   Thumb Code   126  oled.o(.text)
    OLED_wtiteCmd                            0x080041b7   Thumb Code    14  oled.o(.text)
    OLED_wtiteData                           0x080041c5   Thumb Code    14  oled.o(.text)
    OLED_Fill                                0x080041d3   Thumb Code    58  oled.o(.text)
    OLED_Init                                0x0800420d   Thumb Code   184  oled.o(.text)
    OLED_SetPos                              0x080042c5   Thumb Code    40  oled.o(.text)
    OLED_CLS                                 0x080042ed   Thumb Code    10  oled.o(.text)
    OLED_ON                                  0x080042f7   Thumb Code    22  oled.o(.text)
    OLED_OFF                                 0x0800430d   Thumb Code    22  oled.o(.text)
    OLED_ShowStr                             0x08004323   Thumb Code   228  oled.o(.text)
    OLED_ShowCN                              0x08004407   Thumb Code    80  oled.o(.text)
    OLED_DrawBMP                             0x08004457   Thumb Code   116  oled.o(.text)
    __aeabi_fdiv                             0x080044ed   Thumb Code   124  fdiv.o(.text)
    __aeabi_dmul                             0x08004569   Thumb Code   228  dmul.o(.text)
    __aeabi_i2f                              0x0800464d   Thumb Code    18  fflti.o(.text)
    __aeabi_ui2f                             0x0800465f   Thumb Code    10  ffltui.o(.text)
    __aeabi_ui2d                             0x08004669   Thumb Code    26  dfltui.o(.text)
    __aeabi_f2d                              0x08004683   Thumb Code    38  f2d.o(.text)
    __aeabi_d2f                              0x080046a9   Thumb Code    56  d2f.o(.text)
    __aeabi_uidiv                            0x080046e1   Thumb Code     0  uidiv.o(.text)
    __aeabi_uidivmod                         0x080046e1   Thumb Code    44  uidiv.o(.text)
    __aeabi_uldivmod                         0x0800470d   Thumb Code    98  uldiv.o(.text)
    __I$use$fp                               0x0800476f   Thumb Code     0  iusefp.o(.text)
    _float_round                             0x0800476f   Thumb Code    18  fepilogue.o(.text)
    _float_epilogue                          0x08004781   Thumb Code    92  fepilogue.o(.text)
    _double_round                            0x080047dd   Thumb Code    30  depilogue.o(.text)
    _double_epilogue                         0x080047fb   Thumb Code   156  depilogue.o(.text)
    __aeabi_dadd                             0x08004897   Thumb Code   322  dadd.o(.text)
    __aeabi_dsub                             0x080049d9   Thumb Code     6  dadd.o(.text)
    __aeabi_drsub                            0x080049df   Thumb Code     6  dadd.o(.text)
    __aeabi_ddiv                             0x080049e5   Thumb Code   222  ddiv.o(.text)
    __aeabi_d2ulz                            0x08004ac3   Thumb Code    48  dfixul.o(.text)
    __aeabi_cdrcmple                         0x08004af5   Thumb Code    48  cdrcmple.o(.text)
    __scatterload                            0x08004b25   Thumb Code    28  init.o(.text)
    __scatterload_rt2                        0x08004b25   Thumb Code     0  init.o(.text)
    __aeabi_llsl                             0x08004b49   Thumb Code    30  llshl.o(.text)
    _ll_shift_l                              0x08004b49   Thumb Code     0  llshl.o(.text)
    __aeabi_llsr                             0x08004b67   Thumb Code    32  llushr.o(.text)
    _ll_ushift_r                             0x08004b67   Thumb Code     0  llushr.o(.text)
    __aeabi_lasr                             0x08004b87   Thumb Code    36  llsshr.o(.text)
    _ll_sshift_r                             0x08004b87   Thumb Code     0  llsshr.o(.text)
    __decompress                             0x08004bab   Thumb Code     0  __dczerorl2.o(.text)
    __decompress1                            0x08004bab   Thumb Code    86  __dczerorl2.o(.text)
    __0printf                                0x08004c01   Thumb Code    22  printfa.o(i.__0printf)
    __1printf                                0x08004c01   Thumb Code     0  printfa.o(i.__0printf)
    __2printf                                0x08004c01   Thumb Code     0  printfa.o(i.__0printf)
    __c89printf                              0x08004c01   Thumb Code     0  printfa.o(i.__0printf)
    printf                                   0x08004c01   Thumb Code     0  printfa.o(i.__0printf)
    __scatterload_copy                       0x08004c21   Thumb Code    14  handlers.o(i.__scatterload_copy)
    __scatterload_null                       0x08004c2f   Thumb Code     2  handlers.o(i.__scatterload_null)
    __scatterload_zeroinit                   0x08004c31   Thumb Code    14  handlers.o(i.__scatterload_zeroinit)
    F6x8                                     0x080054f2   Data         552  oled.o(.constdata)
    F8X16                                    0x0800571a   Data        1520  oled.o(.constdata)
    Region$$Table$$Base                      0x08005d0c   Number         0  anon$$obj.o(Region$$Table)
    Region$$Table$$Limit                     0x08005d2c   Number         0  anon$$obj.o(Region$$Table)
    SystemCoreClock                          0x20000000   Data           4  system_stm32f10x.o(.data)
    AHBPrescTable                            0x20000004   Data          16  system_stm32f10x.o(.data)
    Sysclock_1ms                             0x20000028   Data           2  sysclock.o(.data)
    Sysclock_10ms                            0x2000002a   Data           2  sysclock.o(.data)
    Sysclock_50ms                            0x2000002c   Data           2  sysclock.o(.data)
    Sysclock_100ms                           0x2000002e   Data           2  sysclock.o(.data)
    Sysclock_sec                             0x20000030   Data           1  sysclock.o(.data)
    b1ms_base_out                            0x20000032   Data           2  sysclock.o(.data)
    b10ms_base_out                           0x20000034   Data           2  sysclock.o(.data)
    b50ms_base_out                           0x20000036   Data           2  sysclock.o(.data)
    b100ms_base_out                          0x20000038   Data           2  sysclock.o(.data)
    bsec_base_out                            0x2000003a   Data           2  sysclock.o(.data)
    buzz_frequency                           0x2000003c   Data           1  buzz_souce.o(.data)
    flash_time                               0x2000003d   Data           1  buzz_souce.o(.data)
    flash_finish                             0x2000003e   Data           1  buzz_souce.o(.data)
    Keysacn                                  0x2000003f   Data           3  key_scan.o(.data)
    timer                                    0x20000042   Data           2  timer.o(.data)
    tpad_default_val                         0x20000044   Data           2  timer.o(.data)
    BMI_160_Gyro_data                        0x20000050   Data           3  bmi_160.o(.data)
    BMI_160_ACC_data                         0x20000053   Data           3  bmi_160.o(.data)
    F16x16                                   0x2000005c   Data         128  oled.o(.data)
    BMP1                                     0x200000dc   Data        1024  oled.o(.data)
    __stdout                                 0x200004dc   Data           4  stdout.o(.data)
    ADC_ConvertValue                         0x200004e0   Data          10  adc.o(.bss)
    ADC_ConvertedValueLocal                  0x200004ec   Data          20  adc.o(.bss)
    BMI_160_ANGLE                            0x20000500   Data          12  bmi_160.o(.bss)
    BMI_160_GRAVITY                          0x2000050c   Data          12  bmi_160.o(.bss)
    __initial_sp                             0x20000918   Data           0  startup_stm32f10x_hd.o(STACK)



==============================================================================

Memory Map of the image

  Image Entry point : 0x08000131

  Load Region LR_IROM1 (Base: 0x08000000, Size: 0x0000620c, Max: 0x00080000, ABSOLUTE, COMPRESSED[0x00005ed0])

    Execution Region ER_IROM1 (Exec base: 0x08000000, Load base: 0x08000000, Size: 0x00005d2c, Max: 0x00080000, ABSOLUTE)

    Exec Addr    Load Addr    Size         Type   Attr      Idx    E Section Name        Object

    0x08000000   0x08000000   0x00000130   Data   RO            3    RESET               startup_stm32f10x_hd.o
    0x08000130   0x08000130   0x00000000   Code   RO          656  * .ARM.Collect$$$$00000000  mc_w.l(entry.o)
    0x08000130   0x08000130   0x00000004   Code   RO          934    .ARM.Collect$$$$00000001  mc_w.l(entry2.o)
    0x08000134   0x08000134   0x00000004   Code   RO          937    .ARM.Collect$$$$00000004  mc_w.l(entry5.o)
    0x08000138   0x08000138   0x00000000   Code   RO          939    .ARM.Collect$$$$00000008  mc_w.l(entry7b.o)
    0x08000138   0x08000138   0x00000000   Code   RO          941    .ARM.Collect$$$$0000000A  mc_w.l(entry8b.o)
    0x08000138   0x08000138   0x00000008   Code   RO          942    .ARM.Collect$$$$0000000B  mc_w.l(entry9a.o)
    0x08000140   0x08000140   0x00000000   Code   RO          944    .ARM.Collect$$$$0000000D  mc_w.l(entry10a.o)
    0x08000140   0x08000140   0x00000000   Code   RO          946    .ARM.Collect$$$$0000000F  mc_w.l(entry11a.o)
    0x08000140   0x08000140   0x00000004   Code   RO          935    .ARM.Collect$$$$00002712  mc_w.l(entry2.o)
    0x08000144   0x08000144   0x00000024   Code   RO            4    .text               startup_stm32f10x_hd.o
    0x08000168   0x08000168   0x000001e0   Code   RO           24    .text               system_stm32f10x.o
    0x08000348   0x08000348   0x000000dc   Code   RO          121    .text               misc.o
    0x08000424   0x08000424   0x0000044e   Code   RO          137    .text               stm32f10x_adc.o
    0x08000872   0x08000872   0x00000002   PAD
    0x08000874   0x08000874   0x0000035c   Code   RO          269    .text               stm32f10x_gpio.o
    0x08000bd0   0x08000bd0   0x00000404   Code   RO          281    .text               stm32f10x_i2c.o
    0x08000fd4   0x08000fd4   0x00000040   Code   RO          293    .text               stm32f10x_iwdg.o
    0x08001014   0x08001014   0x000003a4   Code   RO          317    .text               stm32f10x_rcc.o
    0x080013b8   0x080013b8   0x0000030c   Code   RO          355    .text               stm32f10x_spi.o
    0x080016c4   0x080016c4   0x00000e1a   Code   RO          367    .text               stm32f10x_tim.o
    0x080024de   0x080024de   0x00000002   PAD
    0x080024e0   0x080024e0   0x00000408   Code   RO          379    .text               stm32f10x_usart.o
    0x080028e8   0x080028e8   0x0000005e   Code   RO          403    .text               main.o
    0x08002946   0x08002946   0x00000020   Code   RO          460    .text               stm32f10x_it.o
    0x08002966   0x08002966   0x00000002   PAD
    0x08002968   0x08002968   0x00000060   Code   RO          472    .text               bsp_led.o
    0x080029c8   0x080029c8   0x0000031c   Code   RO          487    .text               sysclock.o
    0x08002ce4   0x08002ce4   0x00000150   Code   RO          509    .text               buzz_souce.o
    0x08002e34   0x08002e34   0x00000240   Code   RO          527    .text               key_scan.o
    0x08003074   0x08003074   0x00000258   Code   RO          542    .text               timer.o
    0x080032cc   0x080032cc   0x000001e4   Code   RO          560    .text               adc.o
    0x080034b0   0x080034b0   0x000000ec   Code   RO          578    .text               delay.o
    0x0800359c   0x0800359c   0x000001ec   Code   RO          592    .text               iic.o
    0x08003788   0x08003788   0x00000170   Code   RO          604    .text               spi.o
    0x080038f8   0x080038f8   0x000007d0   Code   RO          618    .text               bmi_160.o
    0x080040c8   0x080040c8   0x00000424   Code   RO          637    .text               oled.o
    0x080044ec   0x080044ec   0x0000007c   Code   RO          920    .text               mf_w.l(fdiv.o)
    0x08004568   0x08004568   0x000000e4   Code   RO          922    .text               mf_w.l(dmul.o)
    0x0800464c   0x0800464c   0x00000012   Code   RO          924    .text               mf_w.l(fflti.o)
    0x0800465e   0x0800465e   0x0000000a   Code   RO          926    .text               mf_w.l(ffltui.o)
    0x08004668   0x08004668   0x0000001a   Code   RO          928    .text               mf_w.l(dfltui.o)
    0x08004682   0x08004682   0x00000026   Code   RO          930    .text               mf_w.l(f2d.o)
    0x080046a8   0x080046a8   0x00000038   Code   RO          932    .text               mf_w.l(d2f.o)
    0x080046e0   0x080046e0   0x0000002c   Code   RO          949    .text               mc_w.l(uidiv.o)
    0x0800470c   0x0800470c   0x00000062   Code   RO          951    .text               mc_w.l(uldiv.o)
    0x0800476e   0x0800476e   0x00000000   Code   RO          953    .text               mc_w.l(iusefp.o)
    0x0800476e   0x0800476e   0x0000006e   Code   RO          954    .text               mf_w.l(fepilogue.o)
    0x080047dc   0x080047dc   0x000000ba   Code   RO          956    .text               mf_w.l(depilogue.o)
    0x08004896   0x08004896   0x0000014e   Code   RO          958    .text               mf_w.l(dadd.o)
    0x080049e4   0x080049e4   0x000000de   Code   RO          960    .text               mf_w.l(ddiv.o)
    0x08004ac2   0x08004ac2   0x00000030   Code   RO          962    .text               mf_w.l(dfixul.o)
    0x08004af2   0x08004af2   0x00000002   PAD
    0x08004af4   0x08004af4   0x00000030   Code   RO          964    .text               mf_w.l(cdrcmple.o)
    0x08004b24   0x08004b24   0x00000024   Code   RO          966    .text               mc_w.l(init.o)
    0x08004b48   0x08004b48   0x0000001e   Code   RO          968    .text               mc_w.l(llshl.o)
    0x08004b66   0x08004b66   0x00000020   Code   RO          970    .text               mc_w.l(llushr.o)
    0x08004b86   0x08004b86   0x00000024   Code   RO          972    .text               mc_w.l(llsshr.o)
    0x08004baa   0x08004baa   0x00000056   Code   RO          982    .text               mc_w.l(__dczerorl2.o)
    0x08004c00   0x08004c00   0x00000020   Code   RO          892    i.__0printf         mc_w.l(printfa.o)
    0x08004c20   0x08004c20   0x0000000e   Code   RO          976    i.__scatterload_copy  mc_w.l(handlers.o)
    0x08004c2e   0x08004c2e   0x00000002   Code   RO          977    i.__scatterload_null  mc_w.l(handlers.o)
    0x08004c30   0x08004c30   0x0000000e   Code   RO          978    i.__scatterload_zeroinit  mc_w.l(handlers.o)
    0x08004c3e   0x08004c3e   0x00000002   PAD
    0x08004c40   0x08004c40   0x00000184   Code   RO          899    i._fp_digits        mc_w.l(printfa.o)
    0x08004dc4   0x08004dc4   0x000006dc   Code   RO          900    i._printf_core      mc_w.l(printfa.o)
    0x080054a0   0x080054a0   0x00000024   Code   RO          901    i._printf_post_padding  mc_w.l(printfa.o)
    0x080054c4   0x080054c4   0x0000002e   Code   RO          902    i._printf_pre_padding  mc_w.l(printfa.o)
    0x080054f2   0x080054f2   0x00000818   Data   RO          638    .constdata          oled.o
    0x08005d0a   0x08005d0a   0x00000002   PAD
    0x08005d0c   0x08005d0c   0x00000020   Data   RO          974    Region$$Table       anon$$obj.o


    Execution Region RW_IRAM1 (Exec base: 0x20000000, Load base: 0x08005d2c, Size: 0x00000918, Max: 0x00010000, ABSOLUTE, COMPRESSED[0x000001a4])

    Exec Addr    Load Addr    Size         Type   Attr      Idx    E Section Name        Object

    0x20000000   COMPRESSED   0x00000014   Data   RW           25    .data               system_stm32f10x.o
    0x20000014   COMPRESSED   0x00000014   Data   RW          318    .data               stm32f10x_rcc.o
    0x20000028   COMPRESSED   0x00000014   Data   RW          488    .data               sysclock.o
    0x2000003c   COMPRESSED   0x00000003   Data   RW          510    .data               buzz_souce.o
    0x2000003f   COMPRESSED   0x00000003   Data   RW          528    .data               key_scan.o
    0x20000042   COMPRESSED   0x00000005   Data   RW          543    .data               timer.o
    0x20000047   COMPRESSED   0x00000001   PAD
    0x20000048   COMPRESSED   0x00000004   Data   RW          579    .data               delay.o
    0x2000004c   COMPRESSED   0x00000004   Data   RW          605    .data               spi.o
    0x20000050   COMPRESSED   0x0000000c   Data   RW          620    .data               bmi_160.o
    0x2000005c   COMPRESSED   0x00000480   Data   RW          639    .data               oled.o
    0x200004dc   COMPRESSED   0x00000004   Data   RW          948    .data               mc_w.l(stdout.o)
    0x200004e0        -       0x00000020   Zero   RW          561    .bss                adc.o
    0x20000500        -       0x00000018   Zero   RW          619    .bss                bmi_160.o
    0x20000518        -       0x00000400   Zero   RW            1    STACK               startup_stm32f10x_hd.o


==============================================================================

Image component sizes


      Code (inc. data)   RO Data    RW Data    ZI Data      Debug   Object Name

       484        100          0          0         32       2037   adc.o
      2000        544          0         12         24       4699   bmi_160.o
        96          6          0          0          0        530   bsp_led.o
       336         22          0          3          0       1153   buzz_souce.o
         0          0          0          0          0       4500   core_cm3.o
       236         16          0          4          0       1239   delay.o
       492          6          0          0          0       2180   iic.o
       576         36          0          3          0       2686   key_scan.o
        94          0          0          0          0       1751   main.o
       220         22          0          0          0       1821   misc.o
      1060         34       2072       1152          0       4174   oled.o
       368         66          0          4          0       1584   spi.o
        36          8        304          0       1024        868   startup_stm32f10x_hd.o
      1102         26          0          0          0      11057   stm32f10x_adc.o
       860         38          0          0          0       5749   stm32f10x_gpio.o
      1028         16          0          0          0       9243   stm32f10x_i2c.o
        32          0          0          0          0       1294   stm32f10x_it.o
        64          6          0          0          0       1285   stm32f10x_iwdg.o
       932         36          0         20          0       8928   stm32f10x_rcc.o
       780         14          0          0          0       6634   stm32f10x_spi.o
      3610         88          0          0          0      22860   stm32f10x_tim.o
      1032         22          0          0          0       8476   stm32f10x_usart.o
       796         66          0         20          0      19027   sysclock.o
       480         38          0         20          0     274259   system_stm32f10x.o
       600         26          0          5          0       2642   timer.o

    ----------------------------------------------------------------------
     17320       1236       2410       1244       1080     400676   Object Totals
         0          0         32          0          0          0   (incl. Generated)
         6          0          2          1          0          0   (incl. Padding)

    ----------------------------------------------------------------------

      Code (inc. data)   RO Data    RW Data    ZI Data      Debug   Library Member Name

        86          0          0          0          0          0   __dczerorl2.o
         0          0          0          0          0          0   entry.o
         0          0          0          0          0          0   entry10a.o
         0          0          0          0          0          0   entry11a.o
         8          4          0          0          0          0   entry2.o
         4          0          0          0          0          0   entry5.o
         0          0          0          0          0          0   entry7b.o
         0          0          0          0          0          0   entry8b.o
         8          4          0          0          0          0   entry9a.o
        30          0          0          0          0          0   handlers.o
        36          8          0          0          0         68   init.o
         0          0          0          0          0          0   iusefp.o
        30          0          0          0          0         68   llshl.o
        36          0          0          0          0         68   llsshr.o
        32          0          0          0          0         68   llushr.o
      2258         90          0          0          0        452   printfa.o
         0          0          0          4          0          0   stdout.o
        44          0          0          0          0         80   uidiv.o
        98          0          0          0          0         92   uldiv.o
        48          0          0          0          0         68   cdrcmple.o
        56          0          0          0          0         88   d2f.o
       334          0          0          0          0        148   dadd.o
       222          0          0          0          0        100   ddiv.o
       186          0          0          0          0        176   depilogue.o
        48          0          0          0          0         68   dfixul.o
        26          0          0          0          0         76   dfltui.o
       228          0          0          0          0         96   dmul.o
        38          0          0          0          0         68   f2d.o
       124          0          0          0          0         88   fdiv.o
       110          0          0          0          0        168   fepilogue.o
        18          0          0          0          0         68   fflti.o
        10          0          0          0          0         68   ffltui.o

    ----------------------------------------------------------------------
      4122        106          0          4          0       2176   Library Totals
         4          0          0          0          0          0   (incl. Padding)

    ----------------------------------------------------------------------

      Code (inc. data)   RO Data    RW Data    ZI Data      Debug   Library Name

      2670        106          0          4          0        896   mc_w.l
      1448          0          0          0          0       1280   mf_w.l

    ----------------------------------------------------------------------
      4122        106          0          4          0       2176   Library Totals

    ----------------------------------------------------------------------

==============================================================================


      Code (inc. data)   RO Data    RW Data    ZI Data      Debug   

     21442       1342       2410       1248       1080     399860   Grand Totals
     21442       1342       2410        420       1080     399860   ELF Image Totals (compressed)
     21442       1342       2410        420          0          0   ROM Totals

==============================================================================

    Total RO  Size (Code + RO Data)                23852 (  23.29kB)
    Total RW  Size (RW Data + ZI Data)              2328 (   2.27kB)
    Total ROM Size (Code + RO Data + RW Data)      24272 (  23.70kB)

==============================================================================

